2026-03-27 21:58:14 - PHP Notice:  Undefined index: from_time in C:\xampp\htdocs\pos\admin\controller\common\login.php on line 102
2026-03-27 21:58:14 - PHP Notice:  Undefined index: to_time in C:\xampp\htdocs\pos\admin\controller\common\login.php on line 103
2026-03-27 22:02:16 - PHP Notice:  Undefined index: db_name in C:\xampp\htdocs\pos\system\engine\hmodel.php on line 12
2026-03-27 22:02:16 - PHP Warning:  Invalid argument supplied for foreach() in C:\xampp\htdocs\pos\admin\view\template\common\preset.tpl on line 55
2026-03-27 22:02:28 - PHP Notice:  Undefined index: db_name in C:\xampp\htdocs\pos\system\engine\hmodel.php on line 12
2026-03-27 22:02:28 - PHP Notice:  Undefined index: case_id in C:\xampp\htdocs\pos\admin\controller\common\home.php on line 55
2026-03-27 22:02:28 - PHP Notice:  Undefined index: case_id in C:\xampp\htdocs\pos\admin\controller\common\home.php on line 56
2026-03-27 22:02:33 - PHP Notice:  Undefined variable: href_gl_mapping_account in C:\xampp\htdocs\pos\admin\view\template\common\column_left.tpl on line 68
2026-03-27 22:02:33 - PHP Notice:  Undefined index: gl_mapping_account in C:\xampp\htdocs\pos\admin\view\template\common\column_left.tpl on line 68
2026-03-27 22:02:33 - PHP Notice:  Undefined variable: href_tool_dashboard in C:\xampp\htdocs\pos\admin\view\template\common\column_left.tpl on line 231
2026-03-27 22:02:33 - PHP Notice:  Undefined index: company_logo in C:\xampp\htdocs\pos\admin\controller\common\page_header.php on line 24
2026-03-27 22:02:33 - PHP Notice:  Undefined index: base_currency_id in C:\xampp\htdocs\pos\admin\controller\common\page_header.php on line 30
2026-03-27 22:02:33 - PHP Notice:  Undefined index: currency_id in C:\xampp\htdocs\pos\admin\controller\common\page_header.php on line 33
2026-03-27 22:02:34 - PHP Notice:  Undefined index: name in C:\xampp\htdocs\pos\admin\controller\common\page_header.php on line 34
2026-03-27 22:02:35 - PHP Notice:  Undefined index: inventory_sale_invoice in C:\xampp\htdocs\pos\admin\view\template\common\home.tpl on line 36
2026-03-27 22:03:28 - PHP Notice:  Undefined variable: href_gl_mapping_account in C:\xampp\htdocs\pos\admin\view\template\common\column_left.tpl on line 68
2026-03-27 22:03:28 - PHP Notice:  Undefined index: gl_mapping_account in C:\xampp\htdocs\pos\admin\view\template\common\column_left.tpl on line 68
2026-03-27 22:03:28 - PHP Notice:  Undefined variable: href_tool_dashboard in C:\xampp\htdocs\pos\admin\view\template\common\column_left.tpl on line 231
2026-03-27 22:03:28 - PHP Notice:  Undefined index: company_logo in C:\xampp\htdocs\pos\admin\controller\common\page_header.php on line 24
2026-03-27 22:03:28 - PHP Notice:  Undefined index: base_currency_id in C:\xampp\htdocs\pos\admin\controller\common\page_header.php on line 30
2026-03-27 22:03:28 - PHP Notice:  Undefined index: currency_id in C:\xampp\htdocs\pos\admin\controller\common\page_header.php on line 33
2026-03-27 22:03:28 - PHP Notice:  Undefined index: name in C:\xampp\htdocs\pos\admin\controller\common\page_header.php on line 34
2026-03-27 22:03:28 - PHP Notice:  Undefined index: class in C:\xampp\htdocs\pos\admin\view\template\setup\company_list.tpl on line 19
2026-03-27 22:03:28 - PHP Notice:  Undefined index: class in C:\xampp\htdocs\pos\admin\view\template\setup\company_list.tpl on line 19
2026-03-27 22:03:28 - PHP Notice:  Undefined index: class in C:\xampp\htdocs\pos\admin\view\template\setup\company_list.tpl on line 19
2026-03-27 22:03:28 - PHP Notice:  Undefined variable: column_right in C:\xampp\htdocs\pos\admin\view\template\setup\company_list.tpl on line 74
2026-03-27 22:03:34 - PHP Warning:  Declaration of ControllerSetupCompanySetting::updateData($data) should be compatible with HController::updateData($primary_key, $data) in C:\xampp\htdocs\pos\admin\controller\setup\company_setting.php on line 130
2026-03-27 22:03:34 - PHP Warning:  Declaration of ControllerSetupCompanySetting::updateData($data) should be compatible with HController::updateData($primary_key, $data) in C:\xampp\htdocs\pos\admin\controller\setup\company_setting.php on line 130
2026-03-27 22:03:34 - PHP Notice:  Undefined index: company_logo in C:\xampp\htdocs\pos\admin\controller\setup\company_setting.php on line 78
2026-03-27 22:03:34 - PHP Notice:  Undefined index: company_header_print in C:\xampp\htdocs\pos\admin\controller\setup\company_setting.php on line 85
2026-03-27 22:03:34 - PHP Notice:  Undefined index: company_footer_print in C:\xampp\htdocs\pos\admin\controller\setup\company_setting.php on line 91
2026-03-27 22:03:34 - PHP Notice:  Undefined variable: href_gl_mapping_account in C:\xampp\htdocs\pos\admin\view\template\common\column_left.tpl on line 68
2026-03-27 22:03:34 - PHP Notice:  Undefined index: gl_mapping_account in C:\xampp\htdocs\pos\admin\view\template\common\column_left.tpl on line 68
2026-03-27 22:03:34 - PHP Notice:  Undefined variable: href_tool_dashboard in C:\xampp\htdocs\pos\admin\view\template\common\column_left.tpl on line 231
2026-03-27 22:03:34 - PHP Notice:  Undefined index: company_logo in C:\xampp\htdocs\pos\admin\controller\common\page_header.php on line 24
2026-03-27 22:03:34 - PHP Notice:  Undefined index: base_currency_id in C:\xampp\htdocs\pos\admin\controller\common\page_header.php on line 30
2026-03-27 22:03:34 - PHP Notice:  Undefined index: currency_id in C:\xampp\htdocs\pos\admin\controller\common\page_header.php on line 33
2026-03-27 22:03:34 - PHP Notice:  Undefined index: name in C:\xampp\htdocs\pos\admin\controller\common\page_header.php on line 34
2026-03-27 22:03:35 - PHP Notice:  Undefined index: class in C:\xampp\htdocs\pos\admin\view\template\setup\company_setting_form.tpl on line 18
2026-03-27 22:03:35 - PHP Notice:  Undefined index: class in C:\xampp\htdocs\pos\admin\view\template\setup\company_setting_form.tpl on line 18
2026-03-27 22:03:35 - PHP Notice:  Undefined index: class in C:\xampp\htdocs\pos\admin\view\template\setup\company_setting_form.tpl on line 18
2026-03-27 22:03:35 - PHP Notice:  Undefined variable: base_currency_id in C:\xampp\htdocs\pos\admin\view\template\setup\company_setting_form.tpl on line 65
2026-03-27 22:03:35 - PHP Notice:  Undefined index: base_currency_account in C:\xampp\htdocs\pos\admin\view\template\setup\company_setting_form.tpl on line 68
2026-03-27 22:03:35 - PHP Notice:  Undefined variable: time_zone in C:\xampp\htdocs\pos\admin\view\template\setup\company_setting_form.tpl on line 75
2026-03-27 22:03:35 - PHP Notice:  Undefined variable: time_zone in C:\xampp\htdocs\pos\admin\view\template\setup\company_setting_form.tpl on line 75
2026-03-27 22:03:35 - PHP Notice:  Undefined variable: time_zone in C:\xampp\htdocs\pos\admin\view\template\setup\company_setting_form.tpl on line 75
2026-03-27 22:03:35 - PHP Notice:  Undefined variable: time_zone in C:\xampp\htdocs\pos\admin\view\template\setup\company_setting_form.tpl on line 75
2026-03-27 22:03:35 - PHP Notice:  Undefined variable: time_zone in C:\xampp\htdocs\pos\admin\view\template\setup\company_setting_form.tpl on line 75
2026-03-27 22:03:35 - PHP Notice:  Undefined variable: time_zone in C:\xampp\htdocs\pos\admin\view\template\setup\company_setting_form.tpl on line 75
2026-03-27 22:03:35 - PHP Notice:  Undefined variable: time_zone in C:\xampp\htdocs\pos\admin\view\template\setup\company_setting_form.tpl on line 75
2026-03-27 22:03:35 - PHP Notice:  Undefined variable: time_zone in C:\xampp\htdocs\pos\admin\view\template\setup\company_setting_form.tpl on line 75
2026-03-27 22:03:35 - PHP Notice:  Undefined variable: time_zone in C:\xampp\htdocs\pos\admin\view\template\setup\company_setting_form.tpl on line 75
2026-03-27 22:03:35 - PHP Notice:  Undefined variable: time_zone in C:\xampp\htdocs\pos\admin\view\template\setup\company_setting_form.tpl on line 75
2026-03-27 22:03:35 - PHP Notice:  Undefined variable: time_zone in C:\xampp\htdocs\pos\admin\view\template\setup\company_setting_form.tpl on line 75
2026-03-27 22:03:35 - PHP Notice:  Undefined variable: time_zone in C:\xampp\htdocs\pos\admin\view\template\setup\company_setting_form.tpl on line 75
2026-03-27 22:03:35 - PHP Notice:  Undefined variable: time_zone in C:\xampp\htdocs\pos\admin\view\template\setup\company_setting_form.tpl on line 75
2026-03-27 22:03:35 - PHP Notice:  Undefined variable: time_zone in C:\xampp\htdocs\pos\admin\view\template\setup\company_setting_form.tpl on line 75
2026-03-27 22:03:35 - PHP Notice:  Undefined variable: time_zone in C:\xampp\htdocs\pos\admin\view\template\setup\company_setting_form.tpl on line 75
2026-03-27 22:03:35 - PHP Notice:  Undefined variable: time_zone in C:\xampp\htdocs\pos\admin\view\template\setup\company_setting_form.tpl on line 75
2026-03-27 22:03:35 - PHP Notice:  Undefined variable: time_zone in C:\xampp\htdocs\pos\admin\view\template\setup\company_setting_form.tpl on line 75
2026-03-27 22:03:35 - PHP Notice:  Undefined variable: time_zone in C:\xampp\htdocs\pos\admin\view\template\setup\company_setting_form.tpl on line 75
2026-03-27 22:03:35 - PHP Notice:  Undefined variable: time_zone in C:\xampp\htdocs\pos\admin\view\template\setup\company_setting_form.tpl on line 75
2026-03-27 22:03:35 - PHP Notice:  Undefined variable: time_zone in C:\xampp\htdocs\pos\admin\view\template\setup\company_setting_form.tpl on line 75
2026-03-27 22:03:35 - PHP Notice:  Undefined variable: time_zone in C:\xampp\htdocs\pos\admin\view\template\setup\company_setting_form.tpl on line 75
2026-03-27 22:03:35 - PHP Notice:  Undefined variable: time_zone in C:\xampp\htdocs\pos\admin\view\template\setup\company_setting_form.tpl on line 75
2026-03-27 22:03:35 - PHP Notice:  Undefined variable: time_zone in C:\xampp\htdocs\pos\admin\view\template\setup\company_setting_form.tpl on line 75
2026-03-27 22:03:35 - PHP Notice:  Undefined variable: time_zone in C:\xampp\htdocs\pos\admin\view\template\setup\company_setting_form.tpl on line 75
2026-03-27 22:03:35 - PHP Notice:  Undefined variable: time_zone in C:\xampp\htdocs\pos\admin\view\template\setup\company_setting_form.tpl on line 75
2026-03-27 22:03:35 - PHP Notice:  Undefined variable: time_zone in C:\xampp\htdocs\pos\admin\view\template\setup\company_setting_form.tpl on line 75
2026-03-27 22:03:35 - PHP Notice:  Undefined variable: time_zone in C:\xampp\htdocs\pos\admin\view\template\setup\company_setting_form.tpl on line 75
2026-03-27 22:03:35 - PHP Notice:  Undefined variable: time_zone in C:\xampp\htdocs\pos\admin\view\template\setup\company_setting_form.tpl on line 75
2026-03-27 22:03:35 - PHP Notice:  Undefined variable: time_zone in C:\xampp\htdocs\pos\admin\view\template\setup\company_setting_form.tpl on line 75
2026-03-27 22:03:35 - PHP Notice:  Undefined variable: time_zone in C:\xampp\htdocs\pos\admin\view\template\setup\company_setting_form.tpl on line 75
2026-03-27 22:03:35 - PHP Notice:  Undefined variable: time_zone in C:\xampp\htdocs\pos\admin\view\template\setup\company_setting_form.tpl on line 75
2026-03-27 22:03:35 - PHP Notice:  Undefined variable: time_zone in C:\xampp\htdocs\pos\admin\view\template\setup\company_setting_form.tpl on line 75
2026-03-27 22:03:35 - PHP Notice:  Undefined variable: time_zone in C:\xampp\htdocs\pos\admin\view\template\setup\company_setting_form.tpl on line 75
2026-03-27 22:03:35 - PHP Notice:  Undefined variable: time_zone in C:\xampp\htdocs\pos\admin\view\template\setup\company_setting_form.tpl on line 75
2026-03-27 22:03:35 - PHP Notice:  Undefined variable: time_zone in C:\xampp\htdocs\pos\admin\view\template\setup\company_setting_form.tpl on line 75
2026-03-27 22:03:35 - PHP Notice:  Undefined variable: time_zone in C:\xampp\htdocs\pos\admin\view\template\setup\company_setting_form.tpl on line 75
2026-03-27 22:03:35 - PHP Notice:  Undefined variable: time_zone in C:\xampp\htdocs\pos\admin\view\template\setup\company_setting_form.tpl on line 75
2026-03-27 22:03:35 - PHP Notice:  Undefined variable: time_zone in C:\xampp\htdocs\pos\admin\view\template\setup\company_setting_form.tpl on line 75
2026-03-27 22:03:35 - PHP Notice:  Undefined variable: time_zone in C:\xampp\htdocs\pos\admin\view\template\setup\company_setting_form.tpl on line 75
2026-03-27 22:03:35 - PHP Notice:  Undefined variable: time_zone in C:\xampp\htdocs\pos\admin\view\template\setup\company_setting_form.tpl on line 75
2026-03-27 22:03:35 - PHP Notice:  Undefined variable: time_zone in C:\xampp\htdocs\pos\admin\view\template\setup\company_setting_form.tpl on line 75
2026-03-27 22:03:35 - PHP Notice:  Undefined variable: time_zone in C:\xampp\htdocs\pos\admin\view\template\setup\company_setting_form.tpl on line 75
2026-03-27 22:03:35 - PHP Notice:  Undefined variable: time_zone in C:\xampp\htdocs\pos\admin\view\template\setup\company_setting_form.tpl on line 75
2026-03-27 22:03:35 - PHP Notice:  Undefined variable: time_zone in C:\xampp\htdocs\pos\admin\view\template\setup\company_setting_form.tpl on line 75
2026-03-27 22:03:35 - PHP Notice:  Undefined variable: time_zone in C:\xampp\htdocs\pos\admin\view\template\setup\company_setting_form.tpl on line 75
2026-03-27 22:03:35 - PHP Notice:  Undefined variable: time_zone in C:\xampp\htdocs\pos\admin\view\template\setup\company_setting_form.tpl on line 75
2026-03-27 22:03:35 - PHP Notice:  Undefined variable: time_zone in C:\xampp\htdocs\pos\admin\view\template\setup\company_setting_form.tpl on line 75
2026-03-27 22:03:35 - PHP Notice:  Undefined variable: time_zone in C:\xampp\htdocs\pos\admin\view\template\setup\company_setting_form.tpl on line 75
2026-03-27 22:03:35 - PHP Notice:  Undefined variable: time_zone in C:\xampp\htdocs\pos\admin\view\template\setup\company_setting_form.tpl on line 75
2026-03-27 22:03:35 - PHP Notice:  Undefined variable: time_zone in C:\xampp\htdocs\pos\admin\view\template\setup\company_setting_form.tpl on line 75
2026-03-27 22:03:35 - PHP Notice:  Undefined variable: time_zone in C:\xampp\htdocs\pos\admin\view\template\setup\company_setting_form.tpl on line 75
2026-03-27 22:03:35 - PHP Notice:  Undefined variable: time_zone in C:\xampp\htdocs\pos\admin\view\template\setup\company_setting_form.tpl on line 75
2026-03-27 22:03:35 - PHP Notice:  Undefined variable: time_zone in C:\xampp\htdocs\pos\admin\view\template\setup\company_setting_form.tpl on line 75
2026-03-27 22:03:35 - PHP Notice:  Undefined variable: time_zone in C:\xampp\htdocs\pos\admin\view\template\setup\company_setting_form.tpl on line 75
2026-03-27 22:03:35 - PHP Notice:  Undefined variable: time_zone in C:\xampp\htdocs\pos\admin\view\template\setup\company_setting_form.tpl on line 75
2026-03-27 22:03:35 - PHP Notice:  Undefined variable: time_zone in C:\xampp\htdocs\pos\admin\view\template\setup\company_setting_form.tpl on line 75
2026-03-27 22:03:35 - PHP Notice:  Undefined variable: time_zone in C:\xampp\htdocs\pos\admin\view\template\setup\company_setting_form.tpl on line 75
2026-03-27 22:03:35 - PHP Notice:  Undefined variable: time_zone in C:\xampp\htdocs\pos\admin\view\template\setup\company_setting_form.tpl on line 75
2026-03-27 22:03:35 - PHP Notice:  Undefined variable: time_zone in C:\xampp\htdocs\pos\admin\view\template\setup\company_setting_form.tpl on line 75
2026-03-27 22:03:35 - PHP Notice:  Undefined variable: time_zone in C:\xampp\htdocs\pos\admin\view\template\setup\company_setting_form.tpl on line 75
2026-03-27 22:03:35 - PHP Notice:  Undefined variable: time_zone in C:\xampp\htdocs\pos\admin\view\template\setup\company_setting_form.tpl on line 75
2026-03-27 22:03:35 - PHP Notice:  Undefined variable: time_zone in C:\xampp\htdocs\pos\admin\view\template\setup\company_setting_form.tpl on line 75
2026-03-27 22:03:35 - PHP Notice:  Undefined variable: time_zone in C:\xampp\htdocs\pos\admin\view\template\setup\company_setting_form.tpl on line 75
2026-03-27 22:03:35 - PHP Notice:  Undefined variable: time_zone in C:\xampp\htdocs\pos\admin\view\template\setup\company_setting_form.tpl on line 75
2026-03-27 22:03:35 - PHP Notice:  Undefined variable: time_zone in C:\xampp\htdocs\pos\admin\view\template\setup\company_setting_form.tpl on line 75
2026-03-27 22:03:35 - PHP Notice:  Undefined variable: time_zone in C:\xampp\htdocs\pos\admin\view\template\setup\company_setting_form.tpl on line 75
2026-03-27 22:03:35 - PHP Notice:  Undefined variable: time_zone in C:\xampp\htdocs\pos\admin\view\template\setup\company_setting_form.tpl on line 75
2026-03-27 22:03:35 - PHP Notice:  Undefined variable: time_zone in C:\xampp\htdocs\pos\admin\view\template\setup\company_setting_form.tpl on line 75
2026-03-27 22:03:35 - PHP Notice:  Undefined variable: time_zone in C:\xampp\htdocs\pos\admin\view\template\setup\company_setting_form.tpl on line 75
2026-03-27 22:03:35 - PHP Notice:  Undefined variable: time_zone in C:\xampp\htdocs\pos\admin\view\template\setup\company_setting_form.tpl on line 75
2026-03-27 22:03:35 - PHP Notice:  Undefined variable: time_zone in C:\xampp\htdocs\pos\admin\view\template\setup\company_setting_form.tpl on line 75
2026-03-27 22:03:35 - PHP Notice:  Undefined variable: time_zone in C:\xampp\htdocs\pos\admin\view\template\setup\company_setting_form.tpl on line 75
2026-03-27 22:03:35 - PHP Notice:  Undefined variable: time_zone in C:\xampp\htdocs\pos\admin\view\template\setup\company_setting_form.tpl on line 75
2026-03-27 22:03:35 - PHP Notice:  Undefined variable: time_zone in C:\xampp\htdocs\pos\admin\view\template\setup\company_setting_form.tpl on line 75
2026-03-27 22:03:35 - PHP Notice:  Undefined variable: time_zone in C:\xampp\htdocs\pos\admin\view\template\setup\company_setting_form.tpl on line 75
2026-03-27 22:03:35 - PHP Notice:  Undefined variable: time_zone in C:\xampp\htdocs\pos\admin\view\template\setup\company_setting_form.tpl on line 75
2026-03-27 22:03:35 - PHP Notice:  Undefined variable: time_zone in C:\xampp\htdocs\pos\admin\view\template\setup\company_setting_form.tpl on line 75
2026-03-27 22:03:35 - PHP Notice:  Undefined variable: time_zone in C:\xampp\htdocs\pos\admin\view\template\setup\company_setting_form.tpl on line 75
2026-03-27 22:03:35 - PHP Notice:  Undefined variable: time_zone in C:\xampp\htdocs\pos\admin\view\template\setup\company_setting_form.tpl on line 75
2026-03-27 22:03:35 - PHP Notice:  Undefined variable: time_zone in C:\xampp\htdocs\pos\admin\view\template\setup\company_setting_form.tpl on line 75
2026-03-27 22:03:35 - PHP Notice:  Undefined variable: time_zone in C:\xampp\htdocs\pos\admin\view\template\setup\company_setting_form.tpl on line 75
2026-03-27 22:03:35 - PHP Notice:  Undefined variable: time_zone in C:\xampp\htdocs\pos\admin\view\template\setup\company_setting_form.tpl on line 75
2026-03-27 22:03:35 - PHP Notice:  Undefined variable: time_zone in C:\xampp\htdocs\pos\admin\view\template\setup\company_setting_form.tpl on line 75
2026-03-27 22:03:35 - PHP Notice:  Undefined variable: time_zone in C:\xampp\htdocs\pos\admin\view\template\setup\company_setting_form.tpl on line 75
2026-03-27 22:03:35 - PHP Notice:  Undefined variable: time_zone in C:\xampp\htdocs\pos\admin\view\template\setup\company_setting_form.tpl on line 75
2026-03-27 22:03:35 - PHP Notice:  Undefined variable: time_zone in C:\xampp\htdocs\pos\admin\view\template\setup\company_setting_form.tpl on line 75
2026-03-27 22:03:35 - PHP Notice:  Undefined variable: time_zone in C:\xampp\htdocs\pos\admin\view\template\setup\company_setting_form.tpl on line 75
2026-03-27 22:03:35 - PHP Notice:  Undefined variable: time_zone in C:\xampp\htdocs\pos\admin\view\template\setup\company_setting_form.tpl on line 75
2026-03-27 22:03:35 - PHP Notice:  Undefined variable: time_zone in C:\xampp\htdocs\pos\admin\view\template\setup\company_setting_form.tpl on line 75
2026-03-27 22:03:35 - PHP Notice:  Undefined variable: time_zone in C:\xampp\htdocs\pos\admin\view\template\setup\company_setting_form.tpl on line 75
2026-03-27 22:03:35 - PHP Notice:  Undefined variable: time_zone in C:\xampp\htdocs\pos\admin\view\template\setup\company_setting_form.tpl on line 75
2026-03-27 22:03:35 - PHP Notice:  Undefined variable: time_zone in C:\xampp\htdocs\pos\admin\view\template\setup\company_setting_form.tpl on line 75
2026-03-27 22:03:35 - PHP Notice:  Undefined variable: time_zone in C:\xampp\htdocs\pos\admin\view\template\setup\company_setting_form.tpl on line 75
2026-03-27 22:03:35 - PHP Notice:  Undefined variable: time_zone in C:\xampp\htdocs\pos\admin\view\template\setup\company_setting_form.tpl on line 75
2026-03-27 22:03:35 - PHP Notice:  Undefined variable: time_zone in C:\xampp\htdocs\pos\admin\view\template\setup\company_setting_form.tpl on line 75
2026-03-27 22:03:35 - PHP Notice:  Undefined variable: time_zone in C:\xampp\htdocs\pos\admin\view\template\setup\company_setting_form.tpl on line 75
2026-03-27 22:03:35 - PHP Notice:  Undefined variable: time_zone in C:\xampp\htdocs\pos\admin\view\template\setup\company_setting_form.tpl on line 75
2026-03-27 22:03:35 - PHP Notice:  Undefined variable: time_zone in C:\xampp\htdocs\pos\admin\view\template\setup\company_setting_form.tpl on line 75
2026-03-27 22:03:35 - PHP Notice:  Undefined variable: time_zone in C:\xampp\htdocs\pos\admin\view\template\setup\company_setting_form.tpl on line 75
2026-03-27 22:03:35 - PHP Notice:  Undefined variable: time_zone in C:\xampp\htdocs\pos\admin\view\template\setup\company_setting_form.tpl on line 75
2026-03-27 22:03:35 - PHP Notice:  Undefined variable: time_zone in C:\xampp\htdocs\pos\admin\view\template\setup\company_setting_form.tpl on line 75
2026-03-27 22:03:35 - PHP Notice:  Undefined variable: time_zone in C:\xampp\htdocs\pos\admin\view\template\setup\company_setting_form.tpl on line 75
2026-03-27 22:03:35 - PHP Notice:  Undefined variable: time_zone in C:\xampp\htdocs\pos\admin\view\template\setup\company_setting_form.tpl on line 75
2026-03-27 22:03:35 - PHP Notice:  Undefined variable: time_zone in C:\xampp\htdocs\pos\admin\view\template\setup\company_setting_form.tpl on line 75
2026-03-27 22:03:35 - PHP Notice:  Undefined variable: time_zone in C:\xampp\htdocs\pos\admin\view\template\setup\company_setting_form.tpl on line 75
2026-03-27 22:03:35 - PHP Notice:  Undefined variable: time_zone in C:\xampp\htdocs\pos\admin\view\template\setup\company_setting_form.tpl on line 75
2026-03-27 22:03:35 - PHP Notice:  Undefined variable: time_zone in C:\xampp\htdocs\pos\admin\view\template\setup\company_setting_form.tpl on line 75
2026-03-27 22:03:35 - PHP Notice:  Undefined variable: time_zone in C:\xampp\htdocs\pos\admin\view\template\setup\company_setting_form.tpl on line 75
2026-03-27 22:03:35 - PHP Notice:  Undefined variable: time_zone in C:\xampp\htdocs\pos\admin\view\template\setup\company_setting_form.tpl on line 75
2026-03-27 22:03:35 - PHP Notice:  Undefined variable: time_zone in C:\xampp\htdocs\pos\admin\view\template\setup\company_setting_form.tpl on line 75
2026-03-27 22:03:35 - PHP Notice:  Undefined variable: time_zone in C:\xampp\htdocs\pos\admin\view\template\setup\company_setting_form.tpl on line 75
2026-03-27 22:03:35 - PHP Notice:  Undefined variable: time_zone in C:\xampp\htdocs\pos\admin\view\template\setup\company_setting_form.tpl on line 75
2026-03-27 22:03:35 - PHP Notice:  Undefined variable: time_zone in C:\xampp\htdocs\pos\admin\view\template\setup\company_setting_form.tpl on line 75
2026-03-27 22:03:35 - PHP Notice:  Undefined variable: time_zone in C:\xampp\htdocs\pos\admin\view\template\setup\company_setting_form.tpl on line 75
2026-03-27 22:03:35 - PHP Notice:  Undefined variable: time_zone in C:\xampp\htdocs\pos\admin\view\template\setup\company_setting_form.tpl on line 75
2026-03-27 22:03:35 - PHP Notice:  Undefined variable: time_zone in C:\xampp\htdocs\pos\admin\view\template\setup\company_setting_form.tpl on line 75
2026-03-27 22:03:35 - PHP Notice:  Undefined variable: time_zone in C:\xampp\htdocs\pos\admin\view\template\setup\company_setting_form.tpl on line 75
2026-03-27 22:03:35 - PHP Notice:  Undefined variable: time_zone in C:\xampp\htdocs\pos\admin\view\template\setup\company_setting_form.tpl on line 75
2026-03-27 22:03:35 - PHP Notice:  Undefined variable: time_zone in C:\xampp\htdocs\pos\admin\view\template\setup\company_setting_form.tpl on line 75
2026-03-27 22:03:35 - PHP Notice:  Undefined variable: time_zone in C:\xampp\htdocs\pos\admin\view\template\setup\company_setting_form.tpl on line 75
2026-03-27 22:03:35 - PHP Notice:  Undefined variable: time_zone in C:\xampp\htdocs\pos\admin\view\template\setup\company_setting_form.tpl on line 75
2026-03-27 22:03:35 - PHP Notice:  Undefined variable: time_zone in C:\xampp\htdocs\pos\admin\view\template\setup\company_setting_form.tpl on line 75
2026-03-27 22:03:35 - PHP Notice:  Undefined variable: time_zone in C:\xampp\htdocs\pos\admin\view\template\setup\company_setting_form.tpl on line 75
2026-03-27 22:03:35 - PHP Notice:  Undefined variable: time_zone in C:\xampp\htdocs\pos\admin\view\template\setup\company_setting_form.tpl on line 75
2026-03-27 22:03:35 - PHP Notice:  Undefined variable: time_zone in C:\xampp\htdocs\pos\admin\view\template\setup\company_setting_form.tpl on line 75
2026-03-27 22:03:35 - PHP Notice:  Undefined variable: time_zone in C:\xampp\htdocs\pos\admin\view\template\setup\company_setting_form.tpl on line 75
2026-03-27 22:03:35 - PHP Notice:  Undefined variable: time_zone in C:\xampp\htdocs\pos\admin\view\template\setup\company_setting_form.tpl on line 75
2026-03-27 22:03:35 - PHP Notice:  Undefined variable: time_zone in C:\xampp\htdocs\pos\admin\view\template\setup\company_setting_form.tpl on line 75
2026-03-27 22:03:35 - PHP Notice:  Undefined variable: time_zone in C:\xampp\htdocs\pos\admin\view\template\setup\company_setting_form.tpl on line 75
2026-03-27 22:03:35 - PHP Notice:  Undefined variable: time_zone in C:\xampp\htdocs\pos\admin\view\template\setup\company_setting_form.tpl on line 75
2026-03-27 22:03:35 - PHP Notice:  Undefined variable: time_zone in C:\xampp\htdocs\pos\admin\view\template\setup\company_setting_form.tpl on line 75
2026-03-27 22:03:35 - PHP Notice:  Undefined variable: time_zone in C:\xampp\htdocs\pos\admin\view\template\setup\company_setting_form.tpl on line 75
2026-03-27 22:03:35 - PHP Notice:  Undefined variable: time_zone in C:\xampp\htdocs\pos\admin\view\template\setup\company_setting_form.tpl on line 75
2026-03-27 22:03:35 - PHP Notice:  Undefined variable: time_zone in C:\xampp\htdocs\pos\admin\view\template\setup\company_setting_form.tpl on line 75
2026-03-27 22:03:35 - PHP Notice:  Undefined variable: time_zone in C:\xampp\htdocs\pos\admin\view\template\setup\company_setting_form.tpl on line 75
2026-03-27 22:03:35 - PHP Notice:  Undefined variable: time_zone in C:\xampp\htdocs\pos\admin\view\template\setup\company_setting_form.tpl on line 75
2026-03-27 22:03:35 - PHP Notice:  Undefined variable: time_zone in C:\xampp\htdocs\pos\admin\view\template\setup\company_setting_form.tpl on line 75
2026-03-27 22:03:35 - PHP Notice:  Undefined variable: time_zone in C:\xampp\htdocs\pos\admin\view\template\setup\company_setting_form.tpl on line 75
2026-03-27 22:03:35 - PHP Notice:  Undefined variable: time_zone in C:\xampp\htdocs\pos\admin\view\template\setup\company_setting_form.tpl on line 75
2026-03-27 22:03:35 - PHP Notice:  Undefined variable: time_zone in C:\xampp\htdocs\pos\admin\view\template\setup\company_setting_form.tpl on line 75
2026-03-27 22:03:35 - PHP Notice:  Undefined variable: time_zone in C:\xampp\htdocs\pos\admin\view\template\setup\company_setting_form.tpl on line 75
2026-03-27 22:03:35 - PHP Notice:  Undefined variable: time_zone in C:\xampp\htdocs\pos\admin\view\template\setup\company_setting_form.tpl on line 75
2026-03-27 22:03:35 - PHP Notice:  Undefined variable: time_zone in C:\xampp\htdocs\pos\admin\view\template\setup\company_setting_form.tpl on line 75
2026-03-27 22:03:35 - PHP Notice:  Undefined variable: time_zone in C:\xampp\htdocs\pos\admin\view\template\setup\company_setting_form.tpl on line 75
2026-03-27 22:03:35 - PHP Notice:  Undefined variable: time_zone in C:\xampp\htdocs\pos\admin\view\template\setup\company_setting_form.tpl on line 75
2026-03-27 22:03:35 - PHP Notice:  Undefined variable: time_zone in C:\xampp\htdocs\pos\admin\view\template\setup\company_setting_form.tpl on line 75
2026-03-27 22:03:35 - PHP Notice:  Undefined variable: time_zone in C:\xampp\htdocs\pos\admin\view\template\setup\company_setting_form.tpl on line 75
2026-03-27 22:03:35 - PHP Notice:  Undefined variable: time_zone in C:\xampp\htdocs\pos\admin\view\template\setup\company_setting_form.tpl on line 75
2026-03-27 22:03:35 - PHP Notice:  Undefined variable: time_zone in C:\xampp\htdocs\pos\admin\view\template\setup\company_setting_form.tpl on line 75
2026-03-27 22:03:35 - PHP Notice:  Undefined variable: time_zone in C:\xampp\htdocs\pos\admin\view\template\setup\company_setting_form.tpl on line 75
2026-03-27 22:03:35 - PHP Notice:  Undefined variable: time_zone in C:\xampp\htdocs\pos\admin\view\template\setup\company_setting_form.tpl on line 75
2026-03-27 22:03:35 - PHP Notice:  Undefined variable: time_zone in C:\xampp\htdocs\pos\admin\view\template\setup\company_setting_form.tpl on line 75
2026-03-27 22:03:35 - PHP Notice:  Undefined variable: time_zone in C:\xampp\htdocs\pos\admin\view\template\setup\company_setting_form.tpl on line 75
2026-03-27 22:03:35 - PHP Notice:  Undefined variable: time_zone in C:\xampp\htdocs\pos\admin\view\template\setup\company_setting_form.tpl on line 75
2026-03-27 22:03:35 - PHP Notice:  Undefined variable: time_zone in C:\xampp\htdocs\pos\admin\view\template\setup\company_setting_form.tpl on line 75
2026-03-27 22:03:35 - PHP Notice:  Undefined variable: time_zone in C:\xampp\htdocs\pos\admin\view\template\setup\company_setting_form.tpl on line 75
2026-03-27 22:03:35 - PHP Notice:  Undefined variable: time_zone in C:\xampp\htdocs\pos\admin\view\template\setup\company_setting_form.tpl on line 75
2026-03-27 22:03:35 - PHP Notice:  Undefined variable: time_zone in C:\xampp\htdocs\pos\admin\view\template\setup\company_setting_form.tpl on line 75
2026-03-27 22:03:35 - PHP Notice:  Undefined variable: time_zone in C:\xampp\htdocs\pos\admin\view\template\setup\company_setting_form.tpl on line 75
2026-03-27 22:03:35 - PHP Notice:  Undefined variable: time_zone in C:\xampp\htdocs\pos\admin\view\template\setup\company_setting_form.tpl on line 75
2026-03-27 22:03:35 - PHP Notice:  Undefined variable: time_zone in C:\xampp\htdocs\pos\admin\view\template\setup\company_setting_form.tpl on line 75
2026-03-27 22:03:35 - PHP Notice:  Undefined variable: time_zone in C:\xampp\htdocs\pos\admin\view\template\setup\company_setting_form.tpl on line 75
2026-03-27 22:03:35 - PHP Notice:  Undefined variable: time_zone in C:\xampp\htdocs\pos\admin\view\template\setup\company_setting_form.tpl on line 75
2026-03-27 22:03:35 - PHP Notice:  Undefined variable: time_zone in C:\xampp\htdocs\pos\admin\view\template\setup\company_setting_form.tpl on line 75
2026-03-27 22:03:35 - PHP Notice:  Undefined variable: time_zone in C:\xampp\htdocs\pos\admin\view\template\setup\company_setting_form.tpl on line 75
2026-03-27 22:03:35 - PHP Notice:  Undefined variable: time_zone in C:\xampp\htdocs\pos\admin\view\template\setup\company_setting_form.tpl on line 75
2026-03-27 22:03:35 - PHP Notice:  Undefined variable: time_zone in C:\xampp\htdocs\pos\admin\view\template\setup\company_setting_form.tpl on line 75
2026-03-27 22:03:35 - PHP Notice:  Undefined variable: time_zone in C:\xampp\htdocs\pos\admin\view\template\setup\company_setting_form.tpl on line 75
2026-03-27 22:03:35 - PHP Notice:  Undefined variable: time_zone in C:\xampp\htdocs\pos\admin\view\template\setup\company_setting_form.tpl on line 75
2026-03-27 22:03:35 - PHP Notice:  Undefined variable: time_zone in C:\xampp\htdocs\pos\admin\view\template\setup\company_setting_form.tpl on line 75
2026-03-27 22:03:35 - PHP Notice:  Undefined variable: time_zone in C:\xampp\htdocs\pos\admin\view\template\setup\company_setting_form.tpl on line 75
2026-03-27 22:03:35 - PHP Notice:  Undefined variable: time_zone in C:\xampp\htdocs\pos\admin\view\template\setup\company_setting_form.tpl on line 75
2026-03-27 22:03:35 - PHP Notice:  Undefined variable: time_zone in C:\xampp\htdocs\pos\admin\view\template\setup\company_setting_form.tpl on line 75
2026-03-27 22:03:35 - PHP Notice:  Undefined variable: time_zone in C:\xampp\htdocs\pos\admin\view\template\setup\company_setting_form.tpl on line 75
2026-03-27 22:03:35 - PHP Notice:  Undefined variable: time_zone in C:\xampp\htdocs\pos\admin\view\template\setup\company_setting_form.tpl on line 75
2026-03-27 22:03:35 - PHP Notice:  Undefined variable: time_zone in C:\xampp\htdocs\pos\admin\view\template\setup\company_setting_form.tpl on line 75
2026-03-27 22:03:35 - PHP Notice:  Undefined variable: time_zone in C:\xampp\htdocs\pos\admin\view\template\setup\company_setting_form.tpl on line 75
2026-03-27 22:03:35 - PHP Notice:  Undefined variable: time_zone in C:\xampp\htdocs\pos\admin\view\template\setup\company_setting_form.tpl on line 75
2026-03-27 22:03:35 - PHP Notice:  Undefined variable: time_zone in C:\xampp\htdocs\pos\admin\view\template\setup\company_setting_form.tpl on line 75
2026-03-27 22:03:35 - PHP Notice:  Undefined variable: time_zone in C:\xampp\htdocs\pos\admin\view\template\setup\company_setting_form.tpl on line 75
2026-03-27 22:03:35 - PHP Notice:  Undefined variable: time_zone in C:\xampp\htdocs\pos\admin\view\template\setup\company_setting_form.tpl on line 75
2026-03-27 22:03:35 - PHP Notice:  Undefined variable: time_zone in C:\xampp\htdocs\pos\admin\view\template\setup\company_setting_form.tpl on line 75
2026-03-27 22:03:35 - PHP Notice:  Undefined variable: time_zone in C:\xampp\htdocs\pos\admin\view\template\setup\company_setting_form.tpl on line 75
2026-03-27 22:03:35 - PHP Notice:  Undefined variable: time_zone in C:\xampp\htdocs\pos\admin\view\template\setup\company_setting_form.tpl on line 75
2026-03-27 22:03:35 - PHP Notice:  Undefined variable: time_zone in C:\xampp\htdocs\pos\admin\view\template\setup\company_setting_form.tpl on line 75
2026-03-27 22:03:35 - PHP Notice:  Undefined variable: time_zone in C:\xampp\htdocs\pos\admin\view\template\setup\company_setting_form.tpl on line 75
2026-03-27 22:03:35 - PHP Notice:  Undefined variable: time_zone in C:\xampp\htdocs\pos\admin\view\template\setup\company_setting_form.tpl on line 75
2026-03-27 22:03:35 - PHP Notice:  Undefined variable: time_zone in C:\xampp\htdocs\pos\admin\view\template\setup\company_setting_form.tpl on line 75
2026-03-27 22:03:35 - PHP Notice:  Undefined variable: time_zone in C:\xampp\htdocs\pos\admin\view\template\setup\company_setting_form.tpl on line 75
2026-03-27 22:03:35 - PHP Notice:  Undefined variable: time_zone in C:\xampp\htdocs\pos\admin\view\template\setup\company_setting_form.tpl on line 75
2026-03-27 22:03:35 - PHP Notice:  Undefined variable: time_zone in C:\xampp\htdocs\pos\admin\view\template\setup\company_setting_form.tpl on line 75
2026-03-27 22:03:35 - PHP Notice:  Undefined variable: time_zone in C:\xampp\htdocs\pos\admin\view\template\setup\company_setting_form.tpl on line 75
2026-03-27 22:03:35 - PHP Notice:  Undefined variable: time_zone in C:\xampp\htdocs\pos\admin\view\template\setup\company_setting_form.tpl on line 75
2026-03-27 22:03:35 - PHP Notice:  Undefined variable: time_zone in C:\xampp\htdocs\pos\admin\view\template\setup\company_setting_form.tpl on line 75
2026-03-27 22:03:35 - PHP Notice:  Undefined variable: time_zone in C:\xampp\htdocs\pos\admin\view\template\setup\company_setting_form.tpl on line 75
2026-03-27 22:03:35 - PHP Notice:  Undefined variable: time_zone in C:\xampp\htdocs\pos\admin\view\template\setup\company_setting_form.tpl on line 75
2026-03-27 22:03:35 - PHP Notice:  Undefined variable: time_zone in C:\xampp\htdocs\pos\admin\view\template\setup\company_setting_form.tpl on line 75
2026-03-27 22:03:35 - PHP Notice:  Undefined variable: time_zone in C:\xampp\htdocs\pos\admin\view\template\setup\company_setting_form.tpl on line 75
2026-03-27 22:03:35 - PHP Notice:  Undefined variable: time_zone in C:\xampp\htdocs\pos\admin\view\template\setup\company_setting_form.tpl on line 75
2026-03-27 22:03:35 - PHP Notice:  Undefined variable: time_zone in C:\xampp\htdocs\pos\admin\view\template\setup\company_setting_form.tpl on line 75
2026-03-27 22:03:35 - PHP Notice:  Undefined variable: time_zone in C:\xampp\htdocs\pos\admin\view\template\setup\company_setting_form.tpl on line 75
2026-03-27 22:03:35 - PHP Notice:  Undefined variable: time_zone in C:\xampp\htdocs\pos\admin\view\template\setup\company_setting_form.tpl on line 75
2026-03-27 22:03:35 - PHP Notice:  Undefined variable: time_zone in C:\xampp\htdocs\pos\admin\view\template\setup\company_setting_form.tpl on line 75
2026-03-27 22:03:35 - PHP Notice:  Undefined variable: time_zone in C:\xampp\htdocs\pos\admin\view\template\setup\company_setting_form.tpl on line 75
2026-03-27 22:03:35 - PHP Notice:  Undefined variable: time_zone in C:\xampp\htdocs\pos\admin\view\template\setup\company_setting_form.tpl on line 75
2026-03-27 22:03:35 - PHP Notice:  Undefined variable: time_zone in C:\xampp\htdocs\pos\admin\view\template\setup\company_setting_form.tpl on line 75
2026-03-27 22:03:35 - PHP Notice:  Undefined variable: time_zone in C:\xampp\htdocs\pos\admin\view\template\setup\company_setting_form.tpl on line 75
2026-03-27 22:03:35 - PHP Notice:  Undefined variable: time_zone in C:\xampp\htdocs\pos\admin\view\template\setup\company_setting_form.tpl on line 75
2026-03-27 22:03:35 - PHP Notice:  Undefined variable: time_zone in C:\xampp\htdocs\pos\admin\view\template\setup\company_setting_form.tpl on line 75
2026-03-27 22:03:35 - PHP Notice:  Undefined variable: time_zone in C:\xampp\htdocs\pos\admin\view\template\setup\company_setting_form.tpl on line 75
2026-03-27 22:03:35 - PHP Notice:  Undefined variable: time_zone in C:\xampp\htdocs\pos\admin\view\template\setup\company_setting_form.tpl on line 75
2026-03-27 22:03:35 - PHP Notice:  Undefined variable: time_zone in C:\xampp\htdocs\pos\admin\view\template\setup\company_setting_form.tpl on line 75
2026-03-27 22:03:35 - PHP Notice:  Undefined variable: time_zone in C:\xampp\htdocs\pos\admin\view\template\setup\company_setting_form.tpl on line 75
2026-03-27 22:03:35 - PHP Notice:  Undefined variable: time_zone in C:\xampp\htdocs\pos\admin\view\template\setup\company_setting_form.tpl on line 75
2026-03-27 22:03:35 - PHP Notice:  Undefined variable: time_zone in C:\xampp\htdocs\pos\admin\view\template\setup\company_setting_form.tpl on line 75
2026-03-27 22:03:35 - PHP Notice:  Undefined variable: time_zone in C:\xampp\htdocs\pos\admin\view\template\setup\company_setting_form.tpl on line 75
2026-03-27 22:03:35 - PHP Notice:  Undefined variable: time_zone in C:\xampp\htdocs\pos\admin\view\template\setup\company_setting_form.tpl on line 75
2026-03-27 22:03:35 - PHP Notice:  Undefined variable: time_zone in C:\xampp\htdocs\pos\admin\view\template\setup\company_setting_form.tpl on line 75
2026-03-27 22:03:35 - PHP Notice:  Undefined variable: time_zone in C:\xampp\htdocs\pos\admin\view\template\setup\company_setting_form.tpl on line 75
2026-03-27 22:03:35 - PHP Notice:  Undefined variable: time_zone in C:\xampp\htdocs\pos\admin\view\template\setup\company_setting_form.tpl on line 75
2026-03-27 22:03:35 - PHP Notice:  Undefined variable: time_zone in C:\xampp\htdocs\pos\admin\view\template\setup\company_setting_form.tpl on line 75
2026-03-27 22:03:35 - PHP Notice:  Undefined variable: time_zone in C:\xampp\htdocs\pos\admin\view\template\setup\company_setting_form.tpl on line 75
2026-03-27 22:03:35 - PHP Notice:  Undefined variable: time_zone in C:\xampp\htdocs\pos\admin\view\template\setup\company_setting_form.tpl on line 75
2026-03-27 22:03:35 - PHP Notice:  Undefined variable: time_zone in C:\xampp\htdocs\pos\admin\view\template\setup\company_setting_form.tpl on line 75
2026-03-27 22:03:35 - PHP Notice:  Undefined variable: time_zone in C:\xampp\htdocs\pos\admin\view\template\setup\company_setting_form.tpl on line 75
2026-03-27 22:03:35 - PHP Notice:  Undefined variable: time_zone in C:\xampp\htdocs\pos\admin\view\template\setup\company_setting_form.tpl on line 75
2026-03-27 22:03:35 - PHP Notice:  Undefined variable: time_zone in C:\xampp\htdocs\pos\admin\view\template\setup\company_setting_form.tpl on line 75
2026-03-27 22:03:35 - PHP Notice:  Undefined variable: time_zone in C:\xampp\htdocs\pos\admin\view\template\setup\company_setting_form.tpl on line 75
2026-03-27 22:03:35 - PHP Notice:  Undefined variable: time_zone in C:\xampp\htdocs\pos\admin\view\template\setup\company_setting_form.tpl on line 75
2026-03-27 22:03:35 - PHP Notice:  Undefined variable: time_zone in C:\xampp\htdocs\pos\admin\view\template\setup\company_setting_form.tpl on line 75
2026-03-27 22:03:35 - PHP Notice:  Undefined variable: time_zone in C:\xampp\htdocs\pos\admin\view\template\setup\company_setting_form.tpl on line 75
2026-03-27 22:03:35 - PHP Notice:  Undefined variable: time_zone in C:\xampp\htdocs\pos\admin\view\template\setup\company_setting_form.tpl on line 75
2026-03-27 22:03:35 - PHP Notice:  Undefined variable: time_zone in C:\xampp\htdocs\pos\admin\view\template\setup\company_setting_form.tpl on line 75
2026-03-27 22:03:35 - PHP Notice:  Undefined variable: time_zone in C:\xampp\htdocs\pos\admin\view\template\setup\company_setting_form.tpl on line 75
2026-03-27 22:03:35 - PHP Notice:  Undefined variable: time_zone in C:\xampp\htdocs\pos\admin\view\template\setup\company_setting_form.tpl on line 75
2026-03-27 22:03:35 - PHP Notice:  Undefined variable: time_zone in C:\xampp\htdocs\pos\admin\view\template\setup\company_setting_form.tpl on line 75
2026-03-27 22:03:35 - PHP Notice:  Undefined variable: time_zone in C:\xampp\htdocs\pos\admin\view\template\setup\company_setting_form.tpl on line 75
2026-03-27 22:03:35 - PHP Notice:  Undefined variable: time_zone in C:\xampp\htdocs\pos\admin\view\template\setup\company_setting_form.tpl on line 75
2026-03-27 22:03:35 - PHP Notice:  Undefined variable: time_zone in C:\xampp\htdocs\pos\admin\view\template\setup\company_setting_form.tpl on line 75
2026-03-27 22:03:35 - PHP Notice:  Undefined variable: time_zone in C:\xampp\htdocs\pos\admin\view\template\setup\company_setting_form.tpl on line 75
2026-03-27 22:03:35 - PHP Notice:  Undefined variable: time_zone in C:\xampp\htdocs\pos\admin\view\template\setup\company_setting_form.tpl on line 75
2026-03-27 22:03:35 - PHP Notice:  Undefined variable: time_zone in C:\xampp\htdocs\pos\admin\view\template\setup\company_setting_form.tpl on line 75
2026-03-27 22:03:35 - PHP Notice:  Undefined variable: time_zone in C:\xampp\htdocs\pos\admin\view\template\setup\company_setting_form.tpl on line 75
2026-03-27 22:03:35 - PHP Notice:  Undefined variable: time_zone in C:\xampp\htdocs\pos\admin\view\template\setup\company_setting_form.tpl on line 75
2026-03-27 22:03:35 - PHP Notice:  Undefined variable: time_zone in C:\xampp\htdocs\pos\admin\view\template\setup\company_setting_form.tpl on line 75
2026-03-27 22:03:35 - PHP Notice:  Undefined variable: time_zone in C:\xampp\htdocs\pos\admin\view\template\setup\company_setting_form.tpl on line 75
2026-03-27 22:03:35 - PHP Notice:  Undefined variable: time_zone in C:\xampp\htdocs\pos\admin\view\template\setup\company_setting_form.tpl on line 75
2026-03-27 22:03:35 - PHP Notice:  Undefined variable: time_zone in C:\xampp\htdocs\pos\admin\view\template\setup\company_setting_form.tpl on line 75
2026-03-27 22:03:35 - PHP Notice:  Undefined variable: time_zone in C:\xampp\htdocs\pos\admin\view\template\setup\company_setting_form.tpl on line 75
2026-03-27 22:03:35 - PHP Notice:  Undefined variable: time_zone in C:\xampp\htdocs\pos\admin\view\template\setup\company_setting_form.tpl on line 75
2026-03-27 22:03:35 - PHP Notice:  Undefined variable: time_zone in C:\xampp\htdocs\pos\admin\view\template\setup\company_setting_form.tpl on line 75
2026-03-27 22:03:35 - PHP Notice:  Undefined variable: time_zone in C:\xampp\htdocs\pos\admin\view\template\setup\company_setting_form.tpl on line 75
2026-03-27 22:03:35 - PHP Notice:  Undefined variable: time_zone in C:\xampp\htdocs\pos\admin\view\template\setup\company_setting_form.tpl on line 75
2026-03-27 22:03:35 - PHP Notice:  Undefined variable: time_zone in C:\xampp\htdocs\pos\admin\view\template\setup\company_setting_form.tpl on line 75
2026-03-27 22:03:35 - PHP Notice:  Undefined variable: time_zone in C:\xampp\htdocs\pos\admin\view\template\setup\company_setting_form.tpl on line 75
2026-03-27 22:03:35 - PHP Notice:  Undefined variable: time_zone in C:\xampp\htdocs\pos\admin\view\template\setup\company_setting_form.tpl on line 75
2026-03-27 22:03:35 - PHP Notice:  Undefined variable: time_zone in C:\xampp\htdocs\pos\admin\view\template\setup\company_setting_form.tpl on line 75
2026-03-27 22:03:35 - PHP Notice:  Undefined variable: time_zone in C:\xampp\htdocs\pos\admin\view\template\setup\company_setting_form.tpl on line 75
2026-03-27 22:03:35 - PHP Notice:  Undefined variable: time_zone in C:\xampp\htdocs\pos\admin\view\template\setup\company_setting_form.tpl on line 75
2026-03-27 22:03:35 - PHP Notice:  Undefined variable: time_zone in C:\xampp\htdocs\pos\admin\view\template\setup\company_setting_form.tpl on line 75
2026-03-27 22:03:35 - PHP Notice:  Undefined variable: time_zone in C:\xampp\htdocs\pos\admin\view\template\setup\company_setting_form.tpl on line 75
2026-03-27 22:03:35 - PHP Notice:  Undefined variable: time_zone in C:\xampp\htdocs\pos\admin\view\template\setup\company_setting_form.tpl on line 75
2026-03-27 22:03:35 - PHP Notice:  Undefined variable: time_zone in C:\xampp\htdocs\pos\admin\view\template\setup\company_setting_form.tpl on line 75
2026-03-27 22:03:35 - PHP Notice:  Undefined variable: time_zone in C:\xampp\htdocs\pos\admin\view\template\setup\company_setting_form.tpl on line 75
2026-03-27 22:03:35 - PHP Notice:  Undefined variable: time_zone in C:\xampp\htdocs\pos\admin\view\template\setup\company_setting_form.tpl on line 75
2026-03-27 22:03:35 - PHP Notice:  Undefined variable: time_zone in C:\xampp\htdocs\pos\admin\view\template\setup\company_setting_form.tpl on line 75
2026-03-27 22:03:35 - PHP Notice:  Undefined variable: time_zone in C:\xampp\htdocs\pos\admin\view\template\setup\company_setting_form.tpl on line 75
2026-03-27 22:03:35 - PHP Notice:  Undefined variable: time_zone in C:\xampp\htdocs\pos\admin\view\template\setup\company_setting_form.tpl on line 75
2026-03-27 22:03:35 - PHP Notice:  Undefined variable: time_zone in C:\xampp\htdocs\pos\admin\view\template\setup\company_setting_form.tpl on line 75
2026-03-27 22:03:35 - PHP Notice:  Undefined variable: time_zone in C:\xampp\htdocs\pos\admin\view\template\setup\company_setting_form.tpl on line 75
2026-03-27 22:03:35 - PHP Notice:  Undefined variable: time_zone in C:\xampp\htdocs\pos\admin\view\template\setup\company_setting_form.tpl on line 75
2026-03-27 22:03:35 - PHP Notice:  Undefined variable: time_zone in C:\xampp\htdocs\pos\admin\view\template\setup\company_setting_form.tpl on line 75
2026-03-27 22:03:35 - PHP Notice:  Undefined variable: time_zone in C:\xampp\htdocs\pos\admin\view\template\setup\company_setting_form.tpl on line 75
2026-03-27 22:03:35 - PHP Notice:  Undefined variable: time_zone in C:\xampp\htdocs\pos\admin\view\template\setup\company_setting_form.tpl on line 75
2026-03-27 22:03:35 - PHP Notice:  Undefined variable: time_zone in C:\xampp\htdocs\pos\admin\view\template\setup\company_setting_form.tpl on line 75
2026-03-27 22:03:35 - PHP Notice:  Undefined variable: time_zone in C:\xampp\htdocs\pos\admin\view\template\setup\company_setting_form.tpl on line 75
2026-03-27 22:03:35 - PHP Notice:  Undefined variable: time_zone in C:\xampp\htdocs\pos\admin\view\template\setup\company_setting_form.tpl on line 75
2026-03-27 22:03:35 - PHP Notice:  Undefined variable: time_zone in C:\xampp\htdocs\pos\admin\view\template\setup\company_setting_form.tpl on line 75
2026-03-27 22:03:35 - PHP Notice:  Undefined variable: time_zone in C:\xampp\htdocs\pos\admin\view\template\setup\company_setting_form.tpl on line 75
2026-03-27 22:03:35 - PHP Notice:  Undefined variable: time_zone in C:\xampp\htdocs\pos\admin\view\template\setup\company_setting_form.tpl on line 75
2026-03-27 22:03:35 - PHP Notice:  Undefined variable: time_zone in C:\xampp\htdocs\pos\admin\view\template\setup\company_setting_form.tpl on line 75
2026-03-27 22:03:35 - PHP Notice:  Undefined variable: time_zone in C:\xampp\htdocs\pos\admin\view\template\setup\company_setting_form.tpl on line 75
2026-03-27 22:03:35 - PHP Notice:  Undefined variable: time_zone in C:\xampp\htdocs\pos\admin\view\template\setup\company_setting_form.tpl on line 75
2026-03-27 22:03:35 - PHP Notice:  Undefined variable: time_zone in C:\xampp\htdocs\pos\admin\view\template\setup\company_setting_form.tpl on line 75
2026-03-27 22:03:35 - PHP Notice:  Undefined variable: time_zone in C:\xampp\htdocs\pos\admin\view\template\setup\company_setting_form.tpl on line 75
2026-03-27 22:03:35 - PHP Notice:  Undefined variable: time_zone in C:\xampp\htdocs\pos\admin\view\template\setup\company_setting_form.tpl on line 75
2026-03-27 22:03:35 - PHP Notice:  Undefined variable: time_zone in C:\xampp\htdocs\pos\admin\view\template\setup\company_setting_form.tpl on line 75
2026-03-27 22:03:35 - PHP Notice:  Undefined variable: time_zone in C:\xampp\htdocs\pos\admin\view\template\setup\company_setting_form.tpl on line 75
2026-03-27 22:03:35 - PHP Notice:  Undefined variable: time_zone in C:\xampp\htdocs\pos\admin\view\template\setup\company_setting_form.tpl on line 75
2026-03-27 22:03:35 - PHP Notice:  Undefined variable: time_zone in C:\xampp\htdocs\pos\admin\view\template\setup\company_setting_form.tpl on line 75
2026-03-27 22:03:35 - PHP Notice:  Undefined variable: time_zone in C:\xampp\htdocs\pos\admin\view\template\setup\company_setting_form.tpl on line 75
2026-03-27 22:03:35 - PHP Notice:  Undefined variable: time_zone in C:\xampp\htdocs\pos\admin\view\template\setup\company_setting_form.tpl on line 75
2026-03-27 22:03:35 - PHP Notice:  Undefined variable: time_zone in C:\xampp\htdocs\pos\admin\view\template\setup\company_setting_form.tpl on line 75
2026-03-27 22:03:35 - PHP Notice:  Undefined variable: time_zone in C:\xampp\htdocs\pos\admin\view\template\setup\company_setting_form.tpl on line 75
2026-03-27 22:03:35 - PHP Notice:  Undefined variable: time_zone in C:\xampp\htdocs\pos\admin\view\template\setup\company_setting_form.tpl on line 75
2026-03-27 22:03:35 - PHP Notice:  Undefined variable: time_zone in C:\xampp\htdocs\pos\admin\view\template\setup\company_setting_form.tpl on line 75
2026-03-27 22:03:35 - PHP Notice:  Undefined variable: time_zone in C:\xampp\htdocs\pos\admin\view\template\setup\company_setting_form.tpl on line 75
2026-03-27 22:03:35 - PHP Notice:  Undefined variable: time_zone in C:\xampp\htdocs\pos\admin\view\template\setup\company_setting_form.tpl on line 75
2026-03-27 22:03:35 - PHP Notice:  Undefined variable: time_zone in C:\xampp\htdocs\pos\admin\view\template\setup\company_setting_form.tpl on line 75
2026-03-27 22:03:35 - PHP Notice:  Undefined variable: time_zone in C:\xampp\htdocs\pos\admin\view\template\setup\company_setting_form.tpl on line 75
2026-03-27 22:03:35 - PHP Notice:  Undefined variable: time_zone in C:\xampp\htdocs\pos\admin\view\template\setup\company_setting_form.tpl on line 75
2026-03-27 22:03:35 - PHP Notice:  Undefined variable: time_zone in C:\xampp\htdocs\pos\admin\view\template\setup\company_setting_form.tpl on line 75
2026-03-27 22:03:35 - PHP Notice:  Undefined variable: time_zone in C:\xampp\htdocs\pos\admin\view\template\setup\company_setting_form.tpl on line 75
2026-03-27 22:03:35 - PHP Notice:  Undefined variable: time_zone in C:\xampp\htdocs\pos\admin\view\template\setup\company_setting_form.tpl on line 75
2026-03-27 22:03:35 - PHP Notice:  Undefined variable: time_zone in C:\xampp\htdocs\pos\admin\view\template\setup\company_setting_form.tpl on line 75
2026-03-27 22:03:35 - PHP Notice:  Undefined variable: time_zone in C:\xampp\htdocs\pos\admin\view\template\setup\company_setting_form.tpl on line 75
2026-03-27 22:03:35 - PHP Notice:  Undefined variable: time_zone in C:\xampp\htdocs\pos\admin\view\template\setup\company_setting_form.tpl on line 75
2026-03-27 22:03:35 - PHP Notice:  Undefined variable: time_zone in C:\xampp\htdocs\pos\admin\view\template\setup\company_setting_form.tpl on line 75
2026-03-27 22:03:35 - PHP Notice:  Undefined variable: time_zone in C:\xampp\htdocs\pos\admin\view\template\setup\company_setting_form.tpl on line 75
2026-03-27 22:03:35 - PHP Notice:  Undefined variable: time_zone in C:\xampp\htdocs\pos\admin\view\template\setup\company_setting_form.tpl on line 75
2026-03-27 22:03:35 - PHP Notice:  Undefined variable: time_zone in C:\xampp\htdocs\pos\admin\view\template\setup\company_setting_form.tpl on line 75
2026-03-27 22:03:35 - PHP Notice:  Undefined variable: time_zone in C:\xampp\htdocs\pos\admin\view\template\setup\company_setting_form.tpl on line 75
2026-03-27 22:03:35 - PHP Notice:  Undefined variable: time_zone in C:\xampp\htdocs\pos\admin\view\template\setup\company_setting_form.tpl on line 75
2026-03-27 22:03:35 - PHP Notice:  Undefined variable: time_zone in C:\xampp\htdocs\pos\admin\view\template\setup\company_setting_form.tpl on line 75
2026-03-27 22:03:35 - PHP Notice:  Undefined variable: time_zone in C:\xampp\htdocs\pos\admin\view\template\setup\company_setting_form.tpl on line 75
2026-03-27 22:03:35 - PHP Notice:  Undefined variable: time_zone in C:\xampp\htdocs\pos\admin\view\template\setup\company_setting_form.tpl on line 75
2026-03-27 22:03:35 - PHP Notice:  Undefined variable: time_zone in C:\xampp\htdocs\pos\admin\view\template\setup\company_setting_form.tpl on line 75
2026-03-27 22:03:35 - PHP Notice:  Undefined variable: time_zone in C:\xampp\htdocs\pos\admin\view\template\setup\company_setting_form.tpl on line 75
2026-03-27 22:03:35 - PHP Notice:  Undefined variable: time_zone in C:\xampp\htdocs\pos\admin\view\template\setup\company_setting_form.tpl on line 75
2026-03-27 22:03:35 - PHP Notice:  Undefined variable: time_zone in C:\xampp\htdocs\pos\admin\view\template\setup\company_setting_form.tpl on line 75
2026-03-27 22:03:35 - PHP Notice:  Undefined variable: time_zone in C:\xampp\htdocs\pos\admin\view\template\setup\company_setting_form.tpl on line 75
2026-03-27 22:03:35 - PHP Notice:  Undefined variable: time_zone in C:\xampp\htdocs\pos\admin\view\template\setup\company_setting_form.tpl on line 75
2026-03-27 22:03:35 - PHP Notice:  Undefined variable: time_zone in C:\xampp\htdocs\pos\admin\view\template\setup\company_setting_form.tpl on line 75
2026-03-27 22:03:35 - PHP Notice:  Undefined variable: time_zone in C:\xampp\htdocs\pos\admin\view\template\setup\company_setting_form.tpl on line 75
2026-03-27 22:03:35 - PHP Notice:  Undefined variable: time_zone in C:\xampp\htdocs\pos\admin\view\template\setup\company_setting_form.tpl on line 75
2026-03-27 22:03:35 - PHP Notice:  Undefined variable: time_zone in C:\xampp\htdocs\pos\admin\view\template\setup\company_setting_form.tpl on line 75
2026-03-27 22:03:35 - PHP Notice:  Undefined variable: time_zone in C:\xampp\htdocs\pos\admin\view\template\setup\company_setting_form.tpl on line 75
2026-03-27 22:03:35 - PHP Notice:  Undefined variable: time_zone in C:\xampp\htdocs\pos\admin\view\template\setup\company_setting_form.tpl on line 75
2026-03-27 22:03:35 - PHP Notice:  Undefined variable: time_zone in C:\xampp\htdocs\pos\admin\view\template\setup\company_setting_form.tpl on line 75
2026-03-27 22:03:35 - PHP Notice:  Undefined variable: time_zone in C:\xampp\htdocs\pos\admin\view\template\setup\company_setting_form.tpl on line 75
2026-03-27 22:03:35 - PHP Notice:  Undefined variable: time_zone in C:\xampp\htdocs\pos\admin\view\template\setup\company_setting_form.tpl on line 75
2026-03-27 22:03:35 - PHP Notice:  Undefined variable: time_zone in C:\xampp\htdocs\pos\admin\view\template\setup\company_setting_form.tpl on line 75
2026-03-27 22:03:35 - PHP Notice:  Undefined variable: time_zone in C:\xampp\htdocs\pos\admin\view\template\setup\company_setting_form.tpl on line 75
2026-03-27 22:03:35 - PHP Notice:  Undefined variable: time_zone in C:\xampp\htdocs\pos\admin\view\template\setup\company_setting_form.tpl on line 75
2026-03-27 22:03:35 - PHP Notice:  Undefined variable: time_zone in C:\xampp\htdocs\pos\admin\view\template\setup\company_setting_form.tpl on line 75
2026-03-27 22:03:35 - PHP Notice:  Undefined variable: time_zone in C:\xampp\htdocs\pos\admin\view\template\setup\company_setting_form.tpl on line 75
2026-03-27 22:03:35 - PHP Notice:  Undefined variable: time_zone in C:\xampp\htdocs\pos\admin\view\template\setup\company_setting_form.tpl on line 75
2026-03-27 22:03:35 - PHP Notice:  Undefined variable: time_zone in C:\xampp\htdocs\pos\admin\view\template\setup\company_setting_form.tpl on line 75
2026-03-27 22:03:35 - PHP Notice:  Undefined variable: time_zone in C:\xampp\htdocs\pos\admin\view\template\setup\company_setting_form.tpl on line 75
2026-03-27 22:03:35 - PHP Notice:  Undefined variable: time_zone in C:\xampp\htdocs\pos\admin\view\template\setup\company_setting_form.tpl on line 75
2026-03-27 22:03:35 - PHP Notice:  Undefined variable: time_zone in C:\xampp\htdocs\pos\admin\view\template\setup\company_setting_form.tpl on line 75
2026-03-27 22:03:35 - PHP Notice:  Undefined variable: time_zone in C:\xampp\htdocs\pos\admin\view\template\setup\company_setting_form.tpl on line 75
2026-03-27 22:03:35 - PHP Notice:  Undefined variable: time_zone in C:\xampp\htdocs\pos\admin\view\template\setup\company_setting_form.tpl on line 75
2026-03-27 22:03:35 - PHP Notice:  Undefined variable: time_zone in C:\xampp\htdocs\pos\admin\view\template\setup\company_setting_form.tpl on line 75
2026-03-27 22:03:35 - PHP Notice:  Undefined variable: time_zone in C:\xampp\htdocs\pos\admin\view\template\setup\company_setting_form.tpl on line 75
2026-03-27 22:03:35 - PHP Notice:  Undefined variable: time_zone in C:\xampp\htdocs\pos\admin\view\template\setup\company_setting_form.tpl on line 75
2026-03-27 22:03:35 - PHP Notice:  Undefined variable: time_zone in C:\xampp\htdocs\pos\admin\view\template\setup\company_setting_form.tpl on line 75
2026-03-27 22:03:35 - PHP Notice:  Undefined variable: time_zone in C:\xampp\htdocs\pos\admin\view\template\setup\company_setting_form.tpl on line 75
2026-03-27 22:03:35 - PHP Notice:  Undefined variable: time_zone in C:\xampp\htdocs\pos\admin\view\template\setup\company_setting_form.tpl on line 75
2026-03-27 22:03:35 - PHP Notice:  Undefined variable: time_zone in C:\xampp\htdocs\pos\admin\view\template\setup\company_setting_form.tpl on line 75
2026-03-27 22:03:35 - PHP Notice:  Undefined variable: time_zone in C:\xampp\htdocs\pos\admin\view\template\setup\company_setting_form.tpl on line 75
2026-03-27 22:03:35 - PHP Notice:  Undefined variable: time_zone in C:\xampp\htdocs\pos\admin\view\template\setup\company_setting_form.tpl on line 75
2026-03-27 22:03:35 - PHP Notice:  Undefined variable: time_zone in C:\xampp\htdocs\pos\admin\view\template\setup\company_setting_form.tpl on line 75
2026-03-27 22:03:35 - PHP Notice:  Undefined variable: time_zone in C:\xampp\htdocs\pos\admin\view\template\setup\company_setting_form.tpl on line 75
2026-03-27 22:03:35 - PHP Notice:  Undefined variable: time_zone in C:\xampp\htdocs\pos\admin\view\template\setup\company_setting_form.tpl on line 75
2026-03-27 22:03:35 - PHP Notice:  Undefined variable: time_zone in C:\xampp\htdocs\pos\admin\view\template\setup\company_setting_form.tpl on line 75
2026-03-27 22:03:35 - PHP Notice:  Undefined variable: time_zone in C:\xampp\htdocs\pos\admin\view\template\setup\company_setting_form.tpl on line 75
2026-03-27 22:03:35 - PHP Notice:  Undefined variable: time_zone in C:\xampp\htdocs\pos\admin\view\template\setup\company_setting_form.tpl on line 75
2026-03-27 22:03:35 - PHP Notice:  Undefined variable: time_zone in C:\xampp\htdocs\pos\admin\view\template\setup\company_setting_form.tpl on line 75
2026-03-27 22:03:35 - PHP Notice:  Undefined variable: time_zone in C:\xampp\htdocs\pos\admin\view\template\setup\company_setting_form.tpl on line 75
2026-03-27 22:03:35 - PHP Notice:  Undefined variable: time_zone in C:\xampp\htdocs\pos\admin\view\template\setup\company_setting_form.tpl on line 75
2026-03-27 22:03:35 - PHP Notice:  Undefined variable: time_zone in C:\xampp\htdocs\pos\admin\view\template\setup\company_setting_form.tpl on line 75
2026-03-27 22:03:35 - PHP Notice:  Undefined variable: time_zone in C:\xampp\htdocs\pos\admin\view\template\setup\company_setting_form.tpl on line 75
2026-03-27 22:03:35 - PHP Notice:  Undefined variable: time_zone in C:\xampp\htdocs\pos\admin\view\template\setup\company_setting_form.tpl on line 75
2026-03-27 22:03:35 - PHP Notice:  Undefined variable: time_zone in C:\xampp\htdocs\pos\admin\view\template\setup\company_setting_form.tpl on line 75
2026-03-27 22:03:35 - PHP Notice:  Undefined variable: time_zone in C:\xampp\htdocs\pos\admin\view\template\setup\company_setting_form.tpl on line 75
2026-03-27 22:03:35 - PHP Notice:  Undefined variable: time_zone in C:\xampp\htdocs\pos\admin\view\template\setup\company_setting_form.tpl on line 75
2026-03-27 22:03:35 - PHP Notice:  Undefined variable: time_zone in C:\xampp\htdocs\pos\admin\view\template\setup\company_setting_form.tpl on line 75
2026-03-27 22:03:35 - PHP Notice:  Undefined variable: time_zone in C:\xampp\htdocs\pos\admin\view\template\setup\company_setting_form.tpl on line 75
2026-03-27 22:03:35 - PHP Notice:  Undefined variable: time_zone in C:\xampp\htdocs\pos\admin\view\template\setup\company_setting_form.tpl on line 75
2026-03-27 22:03:35 - PHP Notice:  Undefined variable: time_zone in C:\xampp\htdocs\pos\admin\view\template\setup\company_setting_form.tpl on line 75
2026-03-27 22:03:35 - PHP Notice:  Undefined variable: time_zone in C:\xampp\htdocs\pos\admin\view\template\setup\company_setting_form.tpl on line 75
2026-03-27 22:03:35 - PHP Notice:  Undefined variable: time_zone in C:\xampp\htdocs\pos\admin\view\template\setup\company_setting_form.tpl on line 75
2026-03-27 22:03:35 - PHP Notice:  Undefined variable: time_zone in C:\xampp\htdocs\pos\admin\view\template\setup\company_setting_form.tpl on line 75
2026-03-27 22:03:35 - PHP Notice:  Undefined variable: time_zone in C:\xampp\htdocs\pos\admin\view\template\setup\company_setting_form.tpl on line 75
2026-03-27 22:03:35 - PHP Notice:  Undefined variable: time_zone in C:\xampp\htdocs\pos\admin\view\template\setup\company_setting_form.tpl on line 75
2026-03-27 22:03:35 - PHP Notice:  Undefined variable: time_zone in C:\xampp\htdocs\pos\admin\view\template\setup\company_setting_form.tpl on line 75
2026-03-27 22:03:35 - PHP Notice:  Undefined variable: time_zone in C:\xampp\htdocs\pos\admin\view\template\setup\company_setting_form.tpl on line 75
2026-03-27 22:03:35 - PHP Notice:  Undefined variable: time_zone in C:\xampp\htdocs\pos\admin\view\template\setup\company_setting_form.tpl on line 75
2026-03-27 22:03:35 - PHP Notice:  Undefined variable: time_zone in C:\xampp\htdocs\pos\admin\view\template\setup\company_setting_form.tpl on line 75
2026-03-27 22:03:35 - PHP Notice:  Undefined variable: time_zone in C:\xampp\htdocs\pos\admin\view\template\setup\company_setting_form.tpl on line 75
2026-03-27 22:03:35 - PHP Notice:  Undefined variable: time_zone in C:\xampp\htdocs\pos\admin\view\template\setup\company_setting_form.tpl on line 75
2026-03-27 22:03:35 - PHP Notice:  Undefined variable: time_zone in C:\xampp\htdocs\pos\admin\view\template\setup\company_setting_form.tpl on line 75
2026-03-27 22:03:35 - PHP Notice:  Undefined variable: time_zone in C:\xampp\htdocs\pos\admin\view\template\setup\company_setting_form.tpl on line 75
2026-03-27 22:03:35 - PHP Notice:  Undefined variable: time_zone in C:\xampp\htdocs\pos\admin\view\template\setup\company_setting_form.tpl on line 75
2026-03-27 22:03:35 - PHP Notice:  Undefined variable: time_zone in C:\xampp\htdocs\pos\admin\view\template\setup\company_setting_form.tpl on line 75
2026-03-27 22:03:35 - PHP Notice:  Undefined variable: time_zone in C:\xampp\htdocs\pos\admin\view\template\setup\company_setting_form.tpl on line 75
2026-03-27 22:03:35 - PHP Notice:  Undefined variable: time_zone in C:\xampp\htdocs\pos\admin\view\template\setup\company_setting_form.tpl on line 75
2026-03-27 22:03:35 - PHP Notice:  Undefined variable: time_zone in C:\xampp\htdocs\pos\admin\view\template\setup\company_setting_form.tpl on line 75
2026-03-27 22:03:35 - PHP Notice:  Undefined variable: time_zone in C:\xampp\htdocs\pos\admin\view\template\setup\company_setting_form.tpl on line 75
2026-03-27 22:03:35 - PHP Notice:  Undefined variable: time_zone in C:\xampp\htdocs\pos\admin\view\template\setup\company_setting_form.tpl on line 75
2026-03-27 22:03:35 - PHP Notice:  Undefined variable: time_zone in C:\xampp\htdocs\pos\admin\view\template\setup\company_setting_form.tpl on line 75
2026-03-27 22:03:35 - PHP Notice:  Undefined variable: time_zone in C:\xampp\htdocs\pos\admin\view\template\setup\company_setting_form.tpl on line 75
2026-03-27 22:03:35 - PHP Notice:  Undefined variable: time_zone in C:\xampp\htdocs\pos\admin\view\template\setup\company_setting_form.tpl on line 75
2026-03-27 22:03:35 - PHP Notice:  Undefined variable: time_zone in C:\xampp\htdocs\pos\admin\view\template\setup\company_setting_form.tpl on line 75
2026-03-27 22:03:35 - PHP Notice:  Undefined variable: time_zone in C:\xampp\htdocs\pos\admin\view\template\setup\company_setting_form.tpl on line 75
2026-03-27 22:03:35 - PHP Notice:  Undefined variable: time_zone in C:\xampp\htdocs\pos\admin\view\template\setup\company_setting_form.tpl on line 75
2026-03-27 22:03:35 - PHP Notice:  Undefined variable: time_zone in C:\xampp\htdocs\pos\admin\view\template\setup\company_setting_form.tpl on line 75
2026-03-27 22:03:35 - PHP Notice:  Undefined variable: time_zone in C:\xampp\htdocs\pos\admin\view\template\setup\company_setting_form.tpl on line 75
2026-03-27 22:03:35 - PHP Notice:  Undefined variable: time_zone in C:\xampp\htdocs\pos\admin\view\template\setup\company_setting_form.tpl on line 75
2026-03-27 22:03:35 - PHP Notice:  Undefined variable: time_zone in C:\xampp\htdocs\pos\admin\view\template\setup\company_setting_form.tpl on line 75
2026-03-27 22:03:35 - PHP Notice:  Undefined variable: time_zone in C:\xampp\htdocs\pos\admin\view\template\setup\company_setting_form.tpl on line 75
2026-03-27 22:03:35 - PHP Notice:  Undefined variable: time_zone in C:\xampp\htdocs\pos\admin\view\template\setup\company_setting_form.tpl on line 75
2026-03-27 22:03:35 - PHP Notice:  Undefined variable: company_logo in C:\xampp\htdocs\pos\admin\view\template\setup\company_setting_form.tpl on line 107
2026-03-27 22:03:35 - PHP Notice:  Undefined index: description in C:\xampp\htdocs\pos\admin\view\template\setup\company_setting_form.tpl on line 117
2026-03-27 22:03:35 - PHP Notice:  Undefined variable: company_header_print in C:\xampp\htdocs\pos\admin\view\template\setup\company_setting_form.tpl on line 129
2026-03-27 22:03:35 - PHP Notice:  Undefined variable: company_footer_print in C:\xampp\htdocs\pos\admin\view\template\setup\company_setting_form.tpl on line 140
2026-03-27 22:03:35 - PHP Notice:  Undefined variable: column_right in C:\xampp\htdocs\pos\admin\view\template\setup\company_setting_form.tpl on line 195
2026-03-27 22:03:43 - PHP Notice:  Undefined variable: href_gl_mapping_account in C:\xampp\htdocs\pos\admin\view\template\common\column_left.tpl on line 68
2026-03-27 22:03:43 - PHP Notice:  Undefined index: gl_mapping_account in C:\xampp\htdocs\pos\admin\view\template\common\column_left.tpl on line 68
2026-03-27 22:03:43 - PHP Notice:  Undefined variable: href_tool_dashboard in C:\xampp\htdocs\pos\admin\view\template\common\column_left.tpl on line 231
2026-03-27 22:03:43 - PHP Notice:  Undefined index: company_logo in C:\xampp\htdocs\pos\admin\controller\common\page_header.php on line 24
2026-03-27 22:03:43 - PHP Notice:  Undefined index: base_currency_id in C:\xampp\htdocs\pos\admin\controller\common\page_header.php on line 30
2026-03-27 22:03:43 - PHP Notice:  Undefined index: currency_id in C:\xampp\htdocs\pos\admin\controller\common\page_header.php on line 33
2026-03-27 22:03:43 - PHP Notice:  Undefined index: name in C:\xampp\htdocs\pos\admin\controller\common\page_header.php on line 34
2026-03-27 22:03:43 - PHP Notice:  Undefined index: class in C:\xampp\htdocs\pos\admin\view\template\setup\company_branch_list.tpl on line 19
2026-03-27 22:03:43 - PHP Notice:  Undefined index: class in C:\xampp\htdocs\pos\admin\view\template\setup\company_branch_list.tpl on line 19
2026-03-27 22:03:43 - PHP Notice:  Undefined index: class in C:\xampp\htdocs\pos\admin\view\template\setup\company_branch_list.tpl on line 19
2026-03-27 22:03:43 - PHP Notice:  Undefined variable: column_right in C:\xampp\htdocs\pos\admin\view\template\setup\company_branch_list.tpl on line 74
2026-03-27 22:06:40 - PHP Notice:  Undefined variable: href_gl_mapping_account in C:\xampp\htdocs\pos\admin\view\template\common\column_left.tpl on line 68
2026-03-27 22:06:40 - PHP Notice:  Undefined index: gl_mapping_account in C:\xampp\htdocs\pos\admin\view\template\common\column_left.tpl on line 68
2026-03-27 22:06:40 - PHP Notice:  Undefined variable: href_tool_dashboard in C:\xampp\htdocs\pos\admin\view\template\common\column_left.tpl on line 231
2026-03-27 22:06:40 - PHP Notice:  Undefined index: company_logo in C:\xampp\htdocs\pos\admin\controller\common\page_header.php on line 24
2026-03-27 22:06:40 - PHP Notice:  Undefined index: base_currency_id in C:\xampp\htdocs\pos\admin\controller\common\page_header.php on line 30
2026-03-27 22:06:40 - PHP Notice:  Undefined index: currency_id in C:\xampp\htdocs\pos\admin\controller\common\page_header.php on line 33
2026-03-27 22:06:40 - PHP Notice:  Undefined index: name in C:\xampp\htdocs\pos\admin\controller\common\page_header.php on line 34
2026-03-27 22:06:40 - PHP Notice:  Undefined index: class in C:\xampp\htdocs\pos\admin\view\template\inventory\purchase_invoice_list.tpl on line 19
2026-03-27 22:06:40 - PHP Notice:  Undefined index: class in C:\xampp\htdocs\pos\admin\view\template\inventory\purchase_invoice_list.tpl on line 19
2026-03-27 22:06:40 - PHP Notice:  Undefined index: class in C:\xampp\htdocs\pos\admin\view\template\inventory\purchase_invoice_list.tpl on line 19
2026-03-27 22:06:40 - PHP Notice:  Undefined variable: column_right in C:\xampp\htdocs\pos\admin\view\template\inventory\purchase_invoice_list.tpl on line 78
2026-03-27 22:07:17 - PHP Notice:  Undefined index: purchase_invoice_id in C:\xampp\htdocs\pos\system\engine\hcontroller.php on line 223
2026-03-27 22:07:17 - PHP Notice:  Undefined index: purchase_invoice_id in C:\xampp\htdocs\pos\system\engine\hcontroller.php on line 224
2026-03-27 22:07:17 - PHP Notice:  Undefined index: purchase_invoice_id in C:\xampp\htdocs\pos\admin\controller\inventory\purchase_invoice.php on line 259
2026-03-27 22:07:17 - PHP Notice:  Undefined index: purchase_invoice_id in C:\xampp\htdocs\pos\admin\controller\inventory\purchase_invoice.php on line 261
2026-03-27 22:07:17 - PHP Notice:  Undefined index: purchase_invoice_id in C:\xampp\htdocs\pos\admin\controller\inventory\purchase_invoice.php on line 263
2026-03-27 22:07:17 - PHP Notice:  Undefined index: purchase_invoice_id in C:\xampp\htdocs\pos\admin\controller\inventory\purchase_invoice.php on line 264
2026-03-27 22:07:17 - PHP Notice:  Undefined index: purchase_invoice_id in C:\xampp\htdocs\pos\admin\controller\inventory\purchase_invoice.php on line 265
2026-03-27 22:07:17 - PHP Notice:  Undefined index: purchase_invoice_id in C:\xampp\htdocs\pos\admin\controller\inventory\purchase_invoice.php on line 266
2026-03-27 22:07:17 - PHP Notice:  Undefined index: purchase_invoice_id in C:\xampp\htdocs\pos\admin\controller\inventory\purchase_invoice.php on line 267
2026-03-27 22:07:17 - PHP Notice:  Undefined index: purchase_invoice_id in C:\xampp\htdocs\pos\admin\controller\inventory\purchase_invoice.php on line 270
2026-03-27 22:07:17 - PHP Notice:  Undefined variable: href_gl_mapping_account in C:\xampp\htdocs\pos\admin\view\template\common\column_left.tpl on line 68
2026-03-27 22:07:17 - PHP Notice:  Undefined index: gl_mapping_account in C:\xampp\htdocs\pos\admin\view\template\common\column_left.tpl on line 68
2026-03-27 22:07:17 - PHP Notice:  Undefined variable: href_tool_dashboard in C:\xampp\htdocs\pos\admin\view\template\common\column_left.tpl on line 231
2026-03-27 22:07:17 - PHP Notice:  Undefined index: company_logo in C:\xampp\htdocs\pos\admin\controller\common\page_header.php on line 24
2026-03-27 22:07:17 - PHP Notice:  Undefined index: base_currency_id in C:\xampp\htdocs\pos\admin\controller\common\page_header.php on line 30
2026-03-27 22:07:17 - PHP Notice:  Undefined index: currency_id in C:\xampp\htdocs\pos\admin\controller\common\page_header.php on line 33
2026-03-27 22:07:17 - PHP Notice:  Undefined index: name in C:\xampp\htdocs\pos\admin\controller\common\page_header.php on line 34
2026-03-27 22:07:18 - PHP Notice:  Undefined index: class in C:\xampp\htdocs\pos\admin\view\template\inventory\purchase_invoice_form.tpl on line 18
2026-03-27 22:07:18 - PHP Notice:  Undefined index: class in C:\xampp\htdocs\pos\admin\view\template\inventory\purchase_invoice_form.tpl on line 18
2026-03-27 22:07:18 - PHP Notice:  Undefined index: class in C:\xampp\htdocs\pos\admin\view\template\inventory\purchase_invoice_form.tpl on line 18
2026-03-27 22:07:18 - PHP Notice:  Undefined variable: is_post in C:\xampp\htdocs\pos\admin\view\template\inventory\purchase_invoice_form.tpl on line 57
2026-03-27 22:07:18 - PHP Notice:  Undefined variable: action in C:\xampp\htdocs\pos\admin\view\template\inventory\purchase_invoice_form.tpl on line 85
2026-03-27 22:07:18 - PHP Notice:  Undefined variable: document_type_id in C:\xampp\htdocs\pos\admin\view\template\inventory\purchase_invoice_form.tpl on line 86
2026-03-27 22:07:18 - PHP Notice:  Undefined variable: purchase_invoice_id in C:\xampp\htdocs\pos\admin\view\template\inventory\purchase_invoice_form.tpl on line 87
2026-03-27 22:07:18 - PHP Notice:  Undefined variable: invoice_type in C:\xampp\htdocs\pos\admin\view\template\inventory\purchase_invoice_form.tpl on line 96
2026-03-27 22:07:18 - PHP Notice:  Undefined variable: invoice_type in C:\xampp\htdocs\pos\admin\view\template\inventory\purchase_invoice_form.tpl on line 104
2026-03-27 22:07:18 - PHP Notice:  Undefined variable: document_identity in C:\xampp\htdocs\pos\admin\view\template\inventory\purchase_invoice_form.tpl on line 115
2026-03-27 22:07:18 - PHP Notice:  Undefined variable: suppliers in C:\xampp\htdocs\pos\admin\view\template\inventory\purchase_invoice_form.tpl on line 173
2026-03-27 22:07:18 - PHP Warning:  Invalid argument supplied for foreach() in C:\xampp\htdocs\pos\admin\view\template\inventory\purchase_invoice_form.tpl on line 173
2026-03-27 22:07:18 - PHP Notice:  Undefined variable: remarks in C:\xampp\htdocs\pos\admin\view\template\inventory\purchase_invoice_form.tpl on line 206
2026-03-27 22:07:18 - PHP Notice:  Undefined variable: purchase_invoice_details in C:\xampp\htdocs\pos\admin\view\template\inventory\purchase_invoice_form.tpl on line 238
2026-03-27 22:07:18 - PHP Warning:  Invalid argument supplied for foreach() in C:\xampp\htdocs\pos\admin\view\template\inventory\purchase_invoice_form.tpl on line 238
2026-03-27 22:07:18 - PHP Notice:  Undefined variable: purchase_invoice_details in C:\xampp\htdocs\pos\admin\view\template\inventory\purchase_invoice_form.tpl on line 322
2026-03-27 22:07:18 - PHP Warning:  count(): Parameter must be an array or an object that implements Countable in C:\xampp\htdocs\pos\admin\view\template\inventory\purchase_invoice_form.tpl on line 322
2026-03-27 22:07:18 - PHP Notice:  Undefined variable: total_quantity in C:\xampp\htdocs\pos\admin\view\template\inventory\purchase_invoice_form.tpl on line 335
2026-03-27 22:07:18 - PHP Notice:  Undefined variable: item_amount in C:\xampp\htdocs\pos\admin\view\template\inventory\purchase_invoice_form.tpl on line 341
2026-03-27 22:07:18 - PHP Notice:  Undefined variable: item_discount in C:\xampp\htdocs\pos\admin\view\template\inventory\purchase_invoice_form.tpl on line 347
2026-03-27 22:07:18 - PHP Notice:  Undefined variable: item_tax in C:\xampp\htdocs\pos\admin\view\template\inventory\purchase_invoice_form.tpl on line 353
2026-03-27 22:07:18 - PHP Notice:  Undefined variable: freight_master in C:\xampp\htdocs\pos\admin\view\template\inventory\purchase_invoice_form.tpl on line 360
2026-03-27 22:07:18 - PHP Notice:  Undefined variable: item_total in C:\xampp\htdocs\pos\admin\view\template\inventory\purchase_invoice_form.tpl on line 367
2026-03-27 22:07:18 - PHP Notice:  Undefined variable: discount in C:\xampp\htdocs\pos\admin\view\template\inventory\purchase_invoice_form.tpl on line 375
2026-03-27 22:07:18 - PHP Notice:  Undefined variable: net_amount in C:\xampp\htdocs\pos\admin\view\template\inventory\purchase_invoice_form.tpl on line 382
2026-03-27 22:07:18 - PHP Notice:  Undefined variable: is_post in C:\xampp\htdocs\pos\admin\view\template\inventory\purchase_invoice_form.tpl on line 420
2026-03-27 22:07:18 - PHP Notice:  Undefined variable: partner_id in C:\xampp\htdocs\pos\admin\view\template\inventory\purchase_invoice_form.tpl on line 439
2026-03-27 22:07:18 - PHP Notice:  Undefined variable: products in C:\xampp\htdocs\pos\admin\view\template\inventory\purchase_invoice_form.tpl on line 449
2026-03-27 22:07:18 - PHP Notice:  Undefined index: purchase_invoice_id in C:\xampp\htdocs\pos\admin\view\template\inventory\purchase_invoice_form.tpl on line 475
2026-03-27 22:07:18 - PHP Notice:  Undefined variable: column_right in C:\xampp\htdocs\pos\admin\view\template\inventory\purchase_invoice_form.tpl on line 559
2026-03-27 22:07:34 - PHP Notice:  Undefined variable: href_gl_mapping_account in C:\xampp\htdocs\pos\admin\view\template\common\column_left.tpl on line 68
2026-03-27 22:07:34 - PHP Notice:  Undefined index: gl_mapping_account in C:\xampp\htdocs\pos\admin\view\template\common\column_left.tpl on line 68
2026-03-27 22:07:34 - PHP Notice:  Undefined variable: href_tool_dashboard in C:\xampp\htdocs\pos\admin\view\template\common\column_left.tpl on line 231
2026-03-27 22:07:34 - PHP Notice:  Undefined index: company_logo in C:\xampp\htdocs\pos\admin\controller\common\page_header.php on line 24
2026-03-27 22:07:34 - PHP Notice:  Undefined index: base_currency_id in C:\xampp\htdocs\pos\admin\controller\common\page_header.php on line 30
2026-03-27 22:07:34 - PHP Notice:  Undefined index: currency_id in C:\xampp\htdocs\pos\admin\controller\common\page_header.php on line 33
2026-03-27 22:07:34 - PHP Notice:  Undefined index: name in C:\xampp\htdocs\pos\admin\controller\common\page_header.php on line 34
2026-03-27 22:07:34 - PHP Notice:  Undefined index: class in C:\xampp\htdocs\pos\admin\view\template\inventory\purchase_invoice_list.tpl on line 19
2026-03-27 22:07:34 - PHP Notice:  Undefined index: class in C:\xampp\htdocs\pos\admin\view\template\inventory\purchase_invoice_list.tpl on line 19
2026-03-27 22:07:34 - PHP Notice:  Undefined index: class in C:\xampp\htdocs\pos\admin\view\template\inventory\purchase_invoice_list.tpl on line 19
2026-03-27 22:07:34 - PHP Notice:  Undefined variable: column_right in C:\xampp\htdocs\pos\admin\view\template\inventory\purchase_invoice_list.tpl on line 78
2026-03-27 22:07:36 - PHP Notice:  Undefined index: purchase_invoice_id in C:\xampp\htdocs\pos\system\engine\hcontroller.php on line 223
2026-03-27 22:07:36 - PHP Notice:  Undefined index: purchase_invoice_id in C:\xampp\htdocs\pos\system\engine\hcontroller.php on line 224
2026-03-27 22:07:36 - PHP Notice:  Undefined index: purchase_invoice_id in C:\xampp\htdocs\pos\admin\controller\inventory\purchase_invoice.php on line 259
2026-03-27 22:07:36 - PHP Notice:  Undefined index: purchase_invoice_id in C:\xampp\htdocs\pos\admin\controller\inventory\purchase_invoice.php on line 261
2026-03-27 22:07:36 - PHP Notice:  Undefined index: purchase_invoice_id in C:\xampp\htdocs\pos\admin\controller\inventory\purchase_invoice.php on line 263
2026-03-27 22:07:36 - PHP Notice:  Undefined index: purchase_invoice_id in C:\xampp\htdocs\pos\admin\controller\inventory\purchase_invoice.php on line 264
2026-03-27 22:07:36 - PHP Notice:  Undefined index: purchase_invoice_id in C:\xampp\htdocs\pos\admin\controller\inventory\purchase_invoice.php on line 265
2026-03-27 22:07:36 - PHP Notice:  Undefined index: purchase_invoice_id in C:\xampp\htdocs\pos\admin\controller\inventory\purchase_invoice.php on line 266
2026-03-27 22:07:36 - PHP Notice:  Undefined index: purchase_invoice_id in C:\xampp\htdocs\pos\admin\controller\inventory\purchase_invoice.php on line 267
2026-03-27 22:07:36 - PHP Notice:  Undefined index: purchase_invoice_id in C:\xampp\htdocs\pos\admin\controller\inventory\purchase_invoice.php on line 270
2026-03-27 22:07:36 - PHP Notice:  Undefined variable: href_gl_mapping_account in C:\xampp\htdocs\pos\admin\view\template\common\column_left.tpl on line 68
2026-03-27 22:07:36 - PHP Notice:  Undefined index: gl_mapping_account in C:\xampp\htdocs\pos\admin\view\template\common\column_left.tpl on line 68
2026-03-27 22:07:36 - PHP Notice:  Undefined variable: href_tool_dashboard in C:\xampp\htdocs\pos\admin\view\template\common\column_left.tpl on line 231
2026-03-27 22:07:36 - PHP Notice:  Undefined index: company_logo in C:\xampp\htdocs\pos\admin\controller\common\page_header.php on line 24
2026-03-27 22:07:36 - PHP Notice:  Undefined index: base_currency_id in C:\xampp\htdocs\pos\admin\controller\common\page_header.php on line 30
2026-03-27 22:07:36 - PHP Notice:  Undefined index: currency_id in C:\xampp\htdocs\pos\admin\controller\common\page_header.php on line 33
2026-03-27 22:07:36 - PHP Notice:  Undefined index: name in C:\xampp\htdocs\pos\admin\controller\common\page_header.php on line 34
2026-03-27 22:07:36 - PHP Notice:  Undefined index: class in C:\xampp\htdocs\pos\admin\view\template\inventory\purchase_invoice_form.tpl on line 18
2026-03-27 22:07:36 - PHP Notice:  Undefined index: class in C:\xampp\htdocs\pos\admin\view\template\inventory\purchase_invoice_form.tpl on line 18
2026-03-27 22:07:36 - PHP Notice:  Undefined index: class in C:\xampp\htdocs\pos\admin\view\template\inventory\purchase_invoice_form.tpl on line 18
2026-03-27 22:07:36 - PHP Notice:  Undefined variable: is_post in C:\xampp\htdocs\pos\admin\view\template\inventory\purchase_invoice_form.tpl on line 57
2026-03-27 22:07:36 - PHP Notice:  Undefined variable: action in C:\xampp\htdocs\pos\admin\view\template\inventory\purchase_invoice_form.tpl on line 85
2026-03-27 22:07:36 - PHP Notice:  Undefined variable: document_type_id in C:\xampp\htdocs\pos\admin\view\template\inventory\purchase_invoice_form.tpl on line 86
2026-03-27 22:07:36 - PHP Notice:  Undefined variable: purchase_invoice_id in C:\xampp\htdocs\pos\admin\view\template\inventory\purchase_invoice_form.tpl on line 87
2026-03-27 22:07:36 - PHP Notice:  Undefined variable: invoice_type in C:\xampp\htdocs\pos\admin\view\template\inventory\purchase_invoice_form.tpl on line 96
2026-03-27 22:07:36 - PHP Notice:  Undefined variable: invoice_type in C:\xampp\htdocs\pos\admin\view\template\inventory\purchase_invoice_form.tpl on line 104
2026-03-27 22:07:36 - PHP Notice:  Undefined variable: document_identity in C:\xampp\htdocs\pos\admin\view\template\inventory\purchase_invoice_form.tpl on line 115
2026-03-27 22:07:36 - PHP Notice:  Undefined variable: suppliers in C:\xampp\htdocs\pos\admin\view\template\inventory\purchase_invoice_form.tpl on line 173
2026-03-27 22:07:36 - PHP Warning:  Invalid argument supplied for foreach() in C:\xampp\htdocs\pos\admin\view\template\inventory\purchase_invoice_form.tpl on line 173
2026-03-27 22:07:36 - PHP Notice:  Undefined variable: remarks in C:\xampp\htdocs\pos\admin\view\template\inventory\purchase_invoice_form.tpl on line 206
2026-03-27 22:07:36 - PHP Notice:  Undefined variable: purchase_invoice_details in C:\xampp\htdocs\pos\admin\view\template\inventory\purchase_invoice_form.tpl on line 238
2026-03-27 22:07:36 - PHP Warning:  Invalid argument supplied for foreach() in C:\xampp\htdocs\pos\admin\view\template\inventory\purchase_invoice_form.tpl on line 238
2026-03-27 22:07:36 - PHP Notice:  Undefined variable: purchase_invoice_details in C:\xampp\htdocs\pos\admin\view\template\inventory\purchase_invoice_form.tpl on line 322
2026-03-27 22:07:36 - PHP Warning:  count(): Parameter must be an array or an object that implements Countable in C:\xampp\htdocs\pos\admin\view\template\inventory\purchase_invoice_form.tpl on line 322
2026-03-27 22:07:36 - PHP Notice:  Undefined variable: total_quantity in C:\xampp\htdocs\pos\admin\view\template\inventory\purchase_invoice_form.tpl on line 335
2026-03-27 22:07:36 - PHP Notice:  Undefined variable: item_amount in C:\xampp\htdocs\pos\admin\view\template\inventory\purchase_invoice_form.tpl on line 341
2026-03-27 22:07:36 - PHP Notice:  Undefined variable: item_discount in C:\xampp\htdocs\pos\admin\view\template\inventory\purchase_invoice_form.tpl on line 347
2026-03-27 22:07:36 - PHP Notice:  Undefined variable: item_tax in C:\xampp\htdocs\pos\admin\view\template\inventory\purchase_invoice_form.tpl on line 353
2026-03-27 22:07:36 - PHP Notice:  Undefined variable: freight_master in C:\xampp\htdocs\pos\admin\view\template\inventory\purchase_invoice_form.tpl on line 360
2026-03-27 22:07:36 - PHP Notice:  Undefined variable: item_total in C:\xampp\htdocs\pos\admin\view\template\inventory\purchase_invoice_form.tpl on line 367
2026-03-27 22:07:36 - PHP Notice:  Undefined variable: discount in C:\xampp\htdocs\pos\admin\view\template\inventory\purchase_invoice_form.tpl on line 375
2026-03-27 22:07:36 - PHP Notice:  Undefined variable: net_amount in C:\xampp\htdocs\pos\admin\view\template\inventory\purchase_invoice_form.tpl on line 382
2026-03-27 22:07:36 - PHP Notice:  Undefined variable: is_post in C:\xampp\htdocs\pos\admin\view\template\inventory\purchase_invoice_form.tpl on line 420
2026-03-27 22:07:36 - PHP Notice:  Undefined variable: partner_id in C:\xampp\htdocs\pos\admin\view\template\inventory\purchase_invoice_form.tpl on line 439
2026-03-27 22:07:36 - PHP Notice:  Undefined variable: products in C:\xampp\htdocs\pos\admin\view\template\inventory\purchase_invoice_form.tpl on line 449
2026-03-27 22:07:36 - PHP Notice:  Undefined index: purchase_invoice_id in C:\xampp\htdocs\pos\admin\view\template\inventory\purchase_invoice_form.tpl on line 475
2026-03-27 22:07:36 - PHP Notice:  Undefined variable: column_right in C:\xampp\htdocs\pos\admin\view\template\inventory\purchase_invoice_form.tpl on line 559
2026-03-27 22:07:41 - PHP Notice:  Undefined index: page in C:\xampp\htdocs\pos\admin\controller\inventory\purchase_invoice.php on line 293
