2026-03-29 22:22:21 - PHP Notice:  Undefined index: db_name in C:\xampp\htdocs\ifg\system\engine\hmodel.php on line 12
2026-03-29 22:22:22 - PHP Warning:  Invalid argument supplied for foreach() in C:\xampp\htdocs\ifg\admin\view\template\common\preset.tpl on line 55
2026-03-29 22:25:31 - PHP Notice:  Undefined index: db_name in C:\xampp\htdocs\ifg\system\engine\hmodel.php on line 12
2026-03-29 22:25:31 - PHP Warning:  Invalid argument supplied for foreach() in C:\xampp\htdocs\ifg\admin\view\template\common\preset.tpl on line 55
2026-03-29 22:26:05 - PHP Notice:  Undefined index: db_name in C:\xampp\htdocs\ifg\system\engine\hmodel.php on line 12
2026-03-29 22:26:05 - PHP Warning:  Invalid argument supplied for foreach() in C:\xampp\htdocs\ifg\admin\view\template\common\preset.tpl on line 55
2026-03-29 22:27:18 - PHP Notice:  Undefined index: db_name in C:\xampp\htdocs\ifg\system\engine\hmodel.php on line 12
2026-03-29 22:27:18 - PHP Warning:  Invalid argument supplied for foreach() in C:\xampp\htdocs\ifg\admin\view\template\common\preset.tpl on line 55
2026-03-29 22:31:01 - PHP Notice:  Undefined index: db_name in C:\xampp\htdocs\ifg\system\engine\hmodel.php on line 12
2026-03-29 22:31:02 - PHP Notice:  Undefined index: case_id in C:\xampp\htdocs\ifg\admin\controller\common\home.php on line 55
2026-03-29 22:31:02 - PHP Notice:  Undefined index: case_id in C:\xampp\htdocs\ifg\admin\controller\common\home.php on line 56
2026-03-29 22:31:03 - PHP Notice:  Undefined variable: href_gl_mapping_account in C:\xampp\htdocs\ifg\admin\view\template\common\column_left.tpl on line 68
2026-03-29 22:31:03 - PHP Notice:  Undefined index: gl_mapping_account in C:\xampp\htdocs\ifg\admin\view\template\common\column_left.tpl on line 68
2026-03-29 22:31:03 - PHP Notice:  Undefined variable: href_tool_dashboard in C:\xampp\htdocs\ifg\admin\view\template\common\column_left.tpl on line 231
2026-03-29 22:31:03 - PHP Notice:  Undefined index: company_logo in C:\xampp\htdocs\ifg\admin\controller\common\page_header.php on line 24
2026-03-29 22:31:03 - PHP Notice:  Undefined index: base_currency_id in C:\xampp\htdocs\ifg\admin\controller\common\page_header.php on line 30
2026-03-29 22:31:03 - PHP Notice:  Undefined index: currency_id in C:\xampp\htdocs\ifg\admin\controller\common\page_header.php on line 33
2026-03-29 22:31:03 - PHP Notice:  Undefined index: name in C:\xampp\htdocs\ifg\admin\controller\common\page_header.php on line 34
2026-03-29 22:31:04 - PHP Notice:  Undefined index: inventory_sale_invoice in C:\xampp\htdocs\ifg\admin\view\template\common\home.tpl on line 36
2026-03-29 22:33:31 - PHP Notice:  Undefined index: case_id in C:\xampp\htdocs\ifg\admin\controller\common\home.php on line 55
2026-03-29 22:33:31 - PHP Notice:  Undefined index: case_id in C:\xampp\htdocs\ifg\admin\controller\common\home.php on line 56
2026-03-29 22:33:31 - PHP Notice:  Undefined variable: href_gl_mapping_account in C:\xampp\htdocs\ifg\admin\view\template\common\column_left.tpl on line 68
2026-03-29 22:33:31 - PHP Notice:  Undefined index: gl_mapping_account in C:\xampp\htdocs\ifg\admin\view\template\common\column_left.tpl on line 68
2026-03-29 22:33:31 - PHP Notice:  Undefined variable: href_tool_dashboard in C:\xampp\htdocs\ifg\admin\view\template\common\column_left.tpl on line 231
2026-03-29 22:33:31 - PHP Notice:  Undefined index: company_logo in C:\xampp\htdocs\ifg\admin\controller\common\page_header.php on line 24
2026-03-29 22:33:31 - PHP Notice:  Undefined index: base_currency_id in C:\xampp\htdocs\ifg\admin\controller\common\page_header.php on line 30
2026-03-29 22:33:31 - PHP Notice:  Undefined index: currency_id in C:\xampp\htdocs\ifg\admin\controller\common\page_header.php on line 33
2026-03-29 22:33:31 - PHP Notice:  Undefined index: name in C:\xampp\htdocs\ifg\admin\controller\common\page_header.php on line 34
2026-03-29 22:33:31 - PHP Notice:  Undefined index: inventory_sale_invoice in C:\xampp\htdocs\ifg\admin\view\template\common\home.tpl on line 36
2026-03-29 22:36:54 - PHP Notice:  Undefined index: case_id in C:\xampp\htdocs\ifg\admin\controller\common\home.php on line 55
2026-03-29 22:36:54 - PHP Notice:  Undefined index: case_id in C:\xampp\htdocs\ifg\admin\controller\common\home.php on line 56
2026-03-29 22:36:54 - PHP Notice:  Undefined variable: href_gl_mapping_account in C:\xampp\htdocs\ifg\admin\view\template\common\column_left.tpl on line 68
2026-03-29 22:36:54 - PHP Notice:  Undefined index: gl_mapping_account in C:\xampp\htdocs\ifg\admin\view\template\common\column_left.tpl on line 68
2026-03-29 22:36:54 - PHP Notice:  Undefined variable: href_tool_dashboard in C:\xampp\htdocs\ifg\admin\view\template\common\column_left.tpl on line 231
2026-03-29 22:36:54 - PHP Notice:  Undefined index: company_logo in C:\xampp\htdocs\ifg\admin\controller\common\page_header.php on line 24
2026-03-29 22:36:54 - PHP Notice:  Undefined index: base_currency_id in C:\xampp\htdocs\ifg\admin\controller\common\page_header.php on line 30
2026-03-29 22:36:54 - PHP Notice:  Undefined index: currency_id in C:\xampp\htdocs\ifg\admin\controller\common\page_header.php on line 33
2026-03-29 22:36:54 - PHP Notice:  Undefined index: name in C:\xampp\htdocs\ifg\admin\controller\common\page_header.php on line 34
2026-03-29 22:36:54 - PHP Notice:  Undefined index: inventory_sale_invoice in C:\xampp\htdocs\ifg\admin\view\template\common\home.tpl on line 36
2026-03-29 22:36:55 - PHP Notice:  Undefined index: case_id in C:\xampp\htdocs\ifg\admin\controller\common\home.php on line 55
2026-03-29 22:36:55 - PHP Notice:  Undefined index: case_id in C:\xampp\htdocs\ifg\admin\controller\common\home.php on line 56
2026-03-29 22:36:55 - PHP Notice:  Undefined variable: href_gl_mapping_account in C:\xampp\htdocs\ifg\admin\view\template\common\column_left.tpl on line 68
2026-03-29 22:36:55 - PHP Notice:  Undefined index: gl_mapping_account in C:\xampp\htdocs\ifg\admin\view\template\common\column_left.tpl on line 68
2026-03-29 22:36:55 - PHP Notice:  Undefined variable: href_tool_dashboard in C:\xampp\htdocs\ifg\admin\view\template\common\column_left.tpl on line 231
2026-03-29 22:36:55 - PHP Notice:  Undefined index: company_logo in C:\xampp\htdocs\ifg\admin\controller\common\page_header.php on line 24
2026-03-29 22:36:55 - PHP Notice:  Undefined index: base_currency_id in C:\xampp\htdocs\ifg\admin\controller\common\page_header.php on line 30
2026-03-29 22:36:55 - PHP Notice:  Undefined index: currency_id in C:\xampp\htdocs\ifg\admin\controller\common\page_header.php on line 33
2026-03-29 22:36:55 - PHP Notice:  Undefined index: name in C:\xampp\htdocs\ifg\admin\controller\common\page_header.php on line 34
2026-03-29 22:36:55 - PHP Notice:  Undefined index: inventory_sale_invoice in C:\xampp\htdocs\ifg\admin\view\template\common\home.tpl on line 36
2026-03-29 22:37:19 - PHP Notice:  Undefined index: case_id in C:\xampp\htdocs\ifg\admin\controller\common\home.php on line 55
2026-03-29 22:37:19 - PHP Notice:  Undefined index: case_id in C:\xampp\htdocs\ifg\admin\controller\common\home.php on line 56
2026-03-29 22:37:19 - PHP Notice:  Undefined variable: href_gl_mapping_account in C:\xampp\htdocs\ifg\admin\view\template\common\column_left.tpl on line 68
2026-03-29 22:37:19 - PHP Notice:  Undefined index: gl_mapping_account in C:\xampp\htdocs\ifg\admin\view\template\common\column_left.tpl on line 68
2026-03-29 22:37:19 - PHP Notice:  Undefined variable: href_tool_dashboard in C:\xampp\htdocs\ifg\admin\view\template\common\column_left.tpl on line 231
2026-03-29 22:37:19 - PHP Notice:  Undefined index: company_logo in C:\xampp\htdocs\ifg\admin\controller\common\page_header.php on line 24
2026-03-29 22:37:19 - PHP Notice:  Undefined index: base_currency_id in C:\xampp\htdocs\ifg\admin\controller\common\page_header.php on line 30
2026-03-29 22:37:19 - PHP Notice:  Undefined index: currency_id in C:\xampp\htdocs\ifg\admin\controller\common\page_header.php on line 33
2026-03-29 22:37:19 - PHP Notice:  Undefined index: name in C:\xampp\htdocs\ifg\admin\controller\common\page_header.php on line 34
2026-03-29 22:37:20 - PHP Notice:  Undefined index: inventory_sale_invoice in C:\xampp\htdocs\ifg\admin\view\template\common\home.tpl on line 36
2026-03-29 22:51:30 - PHP Notice:  Undefined index: db_name in C:\xampp\htdocs\ifg\system\engine\hmodel.php on line 12
2026-03-29 22:51:30 - PHP Warning:  Invalid argument supplied for foreach() in C:\xampp\htdocs\ifg\admin\view\template\common\preset.tpl on line 55
2026-03-29 22:51:36 - PHP Notice:  Undefined variable: fiscal_year_id in C:\xampp\htdocs\ifg\admin\controller\common\preset.php on line 228
2026-03-29 22:52:13 - PHP Notice:  Undefined index: db_name in C:\xampp\htdocs\ifg\system\engine\hmodel.php on line 12
2026-03-29 22:52:13 - PHP Notice:  Undefined index: case_id in C:\xampp\htdocs\ifg\admin\controller\common\home.php on line 55
2026-03-29 22:52:13 - PHP Notice:  Undefined index: case_id in C:\xampp\htdocs\ifg\admin\controller\common\home.php on line 56
2026-03-29 22:52:13 - PHP Notice:  Undefined variable: href_gl_mapping_account in C:\xampp\htdocs\ifg\admin\view\template\common\column_left.tpl on line 68
2026-03-29 22:52:13 - PHP Notice:  Undefined index: gl_mapping_account in C:\xampp\htdocs\ifg\admin\view\template\common\column_left.tpl on line 68
2026-03-29 22:52:13 - PHP Notice:  Undefined variable: href_tool_dashboard in C:\xampp\htdocs\ifg\admin\view\template\common\column_left.tpl on line 231
2026-03-29 22:52:13 - PHP Notice:  Undefined index: inventory_sale_invoice in C:\xampp\htdocs\ifg\admin\view\template\common\home.tpl on line 36
